source (1640182, 18) attack 0.9463 | target (1215889, 18) attack 0.6071
  seed 101 logreg   done 89.9s
  seed 101 tree     done 51.2s
  seed 101 rf       done 97.4s
  seed 101 xgboost  done 90.4s
  seed 101 hgb      done 90.5s
  seed 101 mlp      done 195.6s
  seed 102 logreg   done 94.9s
  seed 102 tree     done 95.5s
  seed 102 rf       done 90.6s
  seed 102 xgboost  done 60.9s
  seed 102 hgb      done 52.5s
  seed 102 mlp      done 267.5s
  seed 103 logreg   done 86.2s
  seed 103 tree     done 53.9s
  seed 103 rf       done 76.6s
  seed 103 xgboost  done 53.6s
  seed 103 hgb      done 95.7s
  seed 103 mlp      done 281.8s
  seed 104 logreg   done 27.2s
  seed 104 tree     done 16.9s
  seed 104 rf       done 49.5s
  seed 104 xgboost  done 42.7s
  seed 104 hgb      done 31.6s
  seed 104 mlp      done 300.4s
  seed 105 logreg   done 43.8s
  seed 105 tree     done 44.5s
  seed 105 rf       done 56.6s
  seed 105 xgboost  done 32.6s
  seed 105 hgb      done 35.2s
  seed 105 mlp      done 122.4s
  seed 106 logreg   done 34.8s
  seed 106 tree     done 25.5s
  seed 106 rf       done 39.4s
  seed 106 xgboost  done 32.8s
  seed 106 hgb      done 47.7s
  seed 106 mlp      done 161.5s
  seed 107 logreg   done 53.5s
  seed 107 tree     done 39.3s
  seed 107 rf       done 50.2s
  seed 107 xgboost  done 34.2s
  seed 107 hgb      done 59.8s
  seed 107 mlp      done 397.8s
  seed 108 logreg   done 90.1s
  seed 108 tree     done 64.9s
  seed 108 rf       done 48.9s
  seed 108 xgboost  done 46.0s
  seed 108 hgb      done 45.3s
  seed 108 mlp      done 179.0s
  seed 109 logreg   done 33.1s
  seed 109 tree     done 22.9s
  seed 109 rf       done 56.1s
  seed 109 xgboost  done 50.7s
  seed 109 hgb      done 40.3s
  seed 109 mlp      done 294.9s
  seed 110 logreg   done 38.8s
  seed 110 tree     done 35.0s
  seed 110 rf       done 53.0s
  seed 110 xgboost  done 47.0s
  seed 110 hgb      done 88.1s
  seed 110 mlp      done 238.9s

=== label-free target-prior estimates (true 0.6071) ===
                            mean    std    min    max
method calibrator model                              
BBSE   raw        hgb     0.5700 0.3412 0.0000 1.0000
                  logreg  0.1599 0.3325 0.0000 0.8473
                  mlp     0.8535 0.1447 0.6444 1.0000
                  rf      0.7639 0.2139 0.3021 1.0000
                  tree    0.6628 0.3440 0.0000 1.0000
                  xgboost 0.6307 0.3093 0.0000 1.0000
EM     isotonic   hgb     0.6143 0.3505 0.0000 1.0000
                  logreg  0.2213 0.4096 0.0000 0.9991
                  mlp     0.8341 0.1195 0.6396 1.0000
                  rf      0.3978 0.3694 0.0000 0.9171
                  tree    0.6846 0.3304 0.0000 1.0000
                  xgboost 0.4455 0.3752 0.0000 1.0000
       platt      hgb     0.6835 0.3034 0.0000 1.0000
                  logreg  0.2226 0.4023 0.0000 1.0000
                  mlp     0.8563 0.1315 0.6337 1.0000
                  rf      0.6547 0.3293 0.0000 1.0000
                  tree    0.6741 0.3413 0.0005 1.0000
                  xgboost 0.5768 0.3551 0.0000 1.0000

=== source_test ===
  model  calibrator  brier    ece  f1_macro  recall    fpr  ppv_deploy  alerts_per_hour
    hgb    isotonic 0.0339 0.0403    0.7358  0.9964 0.5997      0.0042      144400.1878
    hgb       platt 0.0489 0.0784    0.5758  0.9768 0.7316      0.0038      176045.6782
    hgb         raw 0.0657 0.0823    0.7484  0.9170 0.1215      0.0264       29590.1739
    hgb temperature 0.0751 0.1433    0.7484  0.9170 0.1215      0.0264       29590.1739
 logreg    isotonic 0.0486 0.0866    0.5659  0.9992 0.8786      0.0025      211349.5983
 logreg       platt 0.0520 0.0861    0.5233  0.9947 0.9015      0.0025      216846.4795
 logreg         raw 0.1023 0.1852    0.6635  0.8379 0.1455      0.0174       35329.5430
 logreg temperature 0.1304 0.2580    0.6635  0.8379 0.1455      0.0174       35329.5430
    mlp    isotonic 0.0402 0.0526    0.6585  0.9987 0.7334      0.0034      176495.4626
    mlp       platt 0.0459 0.0643    0.5902  0.9916 0.7223      0.0055      173837.5461
    mlp         raw 0.0696 0.0964    0.7312  0.9148 0.1226      0.0347       29858.5435
    mlp temperature 0.0806 0.1592    0.7312  0.9148 0.1226      0.0347       29858.5435
     rf    isotonic 0.0422 0.0497    0.6318  0.9941 0.7281      0.0042      175230.9335
     rf       platt 0.0514 0.0847    0.5915  0.9935 0.7769      0.0035      186931.7860
     rf         raw 0.0435 0.0593    0.7836  0.9750 0.3410      0.0088       82297.2786
     rf temperature 0.0524 0.0876    0.7836  0.9750 0.3410      0.0088       82297.2786
   tree    isotonic 0.0588 0.1011    0.6199  0.9920 0.7606      0.0031      183032.5380
   tree       platt 0.0767 0.1275    0.4789  0.9768 0.9168      0.0027      220494.2138
   tree         raw 0.0954 0.1012    0.6863  0.9066 0.2770      0.0129       66910.7505
   tree temperature 0.0887 0.1643    0.6863  0.9066 0.2770      0.0129       66910.7505
xgboost    isotonic 0.0357 0.0418    0.7156  0.9979 0.6366      0.0041      153256.9199
xgboost       platt 0.0454 0.0708    0.5815  0.9820 0.7364      0.0037      177209.9895
xgboost         raw 0.0597 0.0765    0.7538  0.9157 0.1116      0.0267       27218.9589
xgboost temperature 0.0701 0.1391    0.7538  0.9157 0.1116      0.0267       27218.9589

=== target ===
  model            calibrator  brier    ece  f1_macro  recall    fpr  ppv_deploy  alerts_per_hour
    hgb              isotonic 0.3139 0.3109    0.3993  0.9717 0.9713      0.0020      233585.1792
    hgb     isotonic+prior_EM 0.3733 0.3852    0.4464  0.6201 0.5535      0.0023      133132.7654
    hgb isotonic+prior_ORACLE 0.3135 0.3382    0.5038  0.5953 0.4994      0.0039      120139.3392
    hgb                 platt 0.3064 0.2980    0.4288  0.9544 0.9195      0.0021      221133.2958
    hgb      platt+prior_BBSE 0.3963 0.4006    0.4665  0.5955 0.5141      0.0024      123672.2729
    hgb        platt+prior_EM 0.3736 0.3744    0.4790  0.7013 0.6150      0.0024      147935.8694
    hgb    platt+prior_ORACLE 0.3159 0.3043    0.5071  0.5742 0.4676      0.0025      112488.7224
    hgb                   raw 0.3250 0.3220    0.5486  0.6111 0.4693      0.0039      112922.6165
    hgb           temperature 0.2828 0.2678    0.5486  0.6111 0.4693      0.0039      112922.6165
 logreg              isotonic 0.2538 0.2916    0.3911  0.9998 0.9875      0.0020      237474.6579
 logreg     isotonic+prior_EM 0.5326 0.5427    0.3229  0.2205 0.2002      0.0406       48163.3756
 logreg isotonic+prior_ORACLE 0.3228 0.3937    0.4270  0.1615 0.0134      0.0197        3284.5478
 logreg                 platt 0.2465 0.1988    0.4152  0.9651 0.9366      0.0021      225248.5776
 logreg      platt+prior_BBSE 0.5339 0.5341    0.3091  0.1999 0.1922      0.0021       46232.3721
 logreg        platt+prior_EM 0.5262 0.5353    0.3271  0.2257 0.2010      0.0292       48343.3293
 logreg    platt+prior_ORACLE 0.3245 0.3345    0.4777  0.2204 0.0208      0.0208        5090.0624
 logreg                   raw 0.3764 0.3958    0.5382  0.3276 0.0808      0.0221       19550.5965
 logreg           temperature 0.3443 0.3610    0.5382  0.3276 0.0808      0.0221       19550.5965
    mlp              isotonic 0.3566 0.3588    0.4084  0.9525 0.9555      0.0020      229766.3546
    mlp     isotonic+prior_EM 0.3508 0.3572    0.4507  0.8704 0.8580      0.0021      206327.8542
    mlp isotonic+prior_ORACLE 0.3206 0.3448    0.4944  0.6717 0.5770      0.0194      138795.0208
    mlp                 platt 0.3385 0.3361    0.4050  0.9529 0.9549      0.0020      229644.2175
    mlp      platt+prior_BBSE 0.3576 0.3595    0.4730  0.9034 0.8287      0.0022      199322.6566
    mlp        platt+prior_EM 0.3518 0.3510    0.4752  0.9091 0.8296      0.0023      199541.3974
    mlp    platt+prior_ORACLE 0.3144 0.3143    0.5339  0.7278 0.6004      0.0025      144436.3987
    mlp                   raw 0.3370 0.3390    0.5777  0.8024 0.6374      0.0025      153358.4035
    mlp           temperature 0.2952 0.2967    0.5777  0.8024 0.6374      0.0025      153358.4035
     rf              isotonic 0.2826 0.2764    0.4699  0.9779 0.8817      0.0023      212082.3875
     rf     isotonic+prior_EM 0.4022 0.4362    0.4269  0.4628 0.3714      0.0039       89370.2161
     rf isotonic+prior_ORACLE 0.2981 0.3360    0.4707  0.4361 0.3229      0.0109       77703.0708
     rf                 platt 0.2973 0.3005    0.5044  0.9677 0.8390      0.0024      201835.7399
     rf      platt+prior_BBSE 0.3175 0.3248    0.4928  0.8539 0.7621      0.0023      183304.3410
     rf        platt+prior_EM 0.3507 0.3570    0.4404  0.7232 0.6604      0.0023      158832.2998
     rf    platt+prior_ORACLE 0.2973 0.3013    0.4880  0.6090 0.4873      0.0022      117242.3436
     rf                   raw 0.2535 0.2514    0.5794  0.8064 0.6255      0.0026      150507.3498
     rf           temperature 0.2575 0.2520    0.5794  0.8064 0.6255      0.0026      150507.3498
   tree              isotonic 0.3304 0.3269    0.4051  0.9679 0.9606      0.0020      231000.4195
   tree     isotonic+prior_EM 0.3734 0.3618    0.4531  0.7266 0.6726      0.0022      161780.1664
   tree isotonic+prior_ORACLE 0.3340 0.3409    0.4432  0.5273 0.4638      0.0023      111574.0303
   tree                 platt 0.3181 0.3269    0.3949  0.9763 0.9658      0.0020      232259.7826
   tree      platt+prior_BBSE 0.3805 0.3811    0.4529  0.7113 0.6604      0.0022      158828.6034
   tree        platt+prior_EM 0.3809 0.3813    0.4465  0.7202 0.6699      0.0022      161131.5149
   tree    platt+prior_ORACLE 0.3392 0.3558    0.4357  0.5075 0.4563      0.0022      109755.6678
   tree                   raw 0.3898 0.3754    0.5382  0.6977 0.5892      0.0024      141741.1774
   tree           temperature 0.3076 0.3060    0.5382  0.6977 0.5892      0.0024      141741.1774
xgboost              isotonic 0.3124 0.3188    0.3936  0.9626 0.9745      0.0020      234333.9241
xgboost     isotonic+prior_EM 0.4071 0.4134    0.4097  0.4514 0.4043      0.0033       97246.8129
xgboost isotonic+prior_ORACLE 0.2928 0.3121    0.4926  0.4967 0.3751      0.0654       90272.2750
xgboost                 platt 0.3057 0.2959    0.4498  0.9647 0.8941      0.0022      215045.3549
xgboost      platt+prior_BBSE 0.3653 0.3695    0.4794  0.6698 0.5941      0.0024      142906.7958
xgboost        platt+prior_EM 0.3871 0.3951    0.4556  0.6298 0.5641      0.0023      135689.2411
xgboost    platt+prior_ORACLE 0.3043 0.3058    0.5177  0.6176 0.4932      0.0025      118661.3732
xgboost                   raw 0.3148 0.3186    0.5551  0.6454 0.4910      0.0057      118143.0233
xgboost           temperature 0.2670 0.2694    0.5551  0.6454 0.4910      0.0057      118143.0233

=== can PPV >= 0.25 be reached at any threshold? ===
calibrator           isotonic  platt  raw  temperature
domain      model                                     
source_test hgb           1.0    0.0  1.0          1.0
            logreg        0.0    0.0  0.0          1.0
            mlp           1.0    0.0  1.0          1.0
            rf            1.0    0.0  1.0          1.0
            tree          0.0    0.0  0.0          0.0
            xgboost       1.0    0.0  1.0          1.0
target      hgb           0.0    0.0  1.0          1.0
            logreg        0.0    0.0  0.0          0.0
            mlp           0.0    0.0  0.0          0.0
            rf            0.0    0.0  0.0          0.0
            tree          0.0    0.0  0.0          0.0
            xgboost       0.0    0.0  0.0          0.0

wrote results\EXP-044  (5285s)
EXIT 0
