radio: 2808 windows, 30 sessions; timeline:
 session   day   category  n_windows  n_ues
       0  0.00     benign         57      1
       1  0.03     benign         54      1
       2  2.83     benign         58      1
       3  2.91     benign         55      1
       4  2.98     benign         24      1
       5  3.90     benign         56      1
       6  3.96     benign         60      2
       7  4.00     benign         95      1
       8  6.04     benign         56      1
       9 47.01      probe         75      2
      10 47.04      probe        357      1
      11 47.13      probe         94      1
      12 48.89 bruteforce        104      1
      13 48.97 bruteforce         37      1
      14 48.98 bruteforce         49      1
      15 49.01        dos         97      1
      16 49.03        dos         95      1
      17 51.77        web          2      1
      18 51.81        web         65      1
      19 51.84        web         40      1
      20 51.88        web         38      1
      21 51.89        web         57      1
      22 52.78        dos        101      2
      23 52.79       ddos        114      3
      24 52.81       ddos        192      3
      25 52.82       ddos        177      3
      26 52.84       ddos        253      4
      27 52.86       ddos        148      4
      28 52.94       ddos         52      2
      29 52.95     benign        146      3

A. EXP-051 temporal splits:
direction  train_frac  unseen_test_categories benign_test_sessions
  forward         0.4 bruteforce,ddos,dos,web                   29
  reverse         0.4                   probe    0,1,2,3,4,5,6,7,8
  forward         0.5            ddos,dos,web                   29
  reverse         0.5        bruteforce,probe    0,1,2,3,4,5,6,7,8
  forward         0.6                    ddos                   29
  reverse         0.6        bruteforce,probe    0,1,2,3,4,5,6,7,8
  forward         0.7                    ddos                   29
  reverse         0.7        bruteforce,probe    0,1,2,3,4,5,6,7,8
   random control draws with >= 1 unseen attack category: 16 of 80
B. time_stratified forward rep 0 done (35s)
B. time_stratified reverse rep 0 done (70s)
B. random_stratified n/a rep 9 done (135s)
B. random_stratified n/a rep 19 done (203s)
B. random_stratified n/a rep 29 done (276s)
B. random_stratified n/a rep 39 done (366s)
B. random_stratified n/a rep 49 done (510s)

B. time-stratified minus random-stratified control (BA, AUC):
  model direction  balanced_accuracy_temporal  balanced_accuracy_control_mean  balanced_accuracy_delta  balanced_accuracy_p_low  roc_auc_delta  fpr_temporal  fpr_control_mean
 logreg   forward                       0.573                           0.749                   -0.175                    0.216         -0.304         0.808             0.248
 logreg   reverse                       0.950                           0.749                    0.202                    0.961          0.135         0.000             0.248
   tree   forward                       0.521                           0.774                   -0.253                    0.137         -0.248         0.853             0.340
   tree   reverse                       0.962                           0.774                    0.187                    0.843          0.195         0.000             0.340
     rf   forward                       0.562                           0.811                   -0.249                    0.333         -0.256         0.858             0.302
     rf   reverse                       0.970                           0.811                    0.159                    0.667          0.083         0.000             0.302
xgboost   forward                       0.567                           0.812                   -0.245                    0.275         -0.421         0.836             0.290
xgboost   reverse                       0.978                           0.812                    0.166                    0.725          0.103         0.000             0.290
    hgb   forward                       0.550                           0.817                   -0.267                    0.333         -0.423         0.836             0.301
    hgb   reverse                       0.995                           0.817                    0.178                    0.941          0.096         0.000             0.301
    mlp   forward                       0.574                           0.827                   -0.253                    0.196         -0.307         0.823             0.236
    mlp   reverse                       0.983                           0.827                    0.156                    0.941          0.105         0.000             0.236
C. benign session 0 held out (520s)
C. benign session 1 held out (558s)
C. benign session 2 held out (571s)
C. benign session 3 held out (579s)
C. benign session 4 held out (589s)
C. benign session 5 held out (598s)
C. benign session 6 held out (610s)
C. benign session 7 held out (618s)
C. benign session 8 held out (625s)
C. benign session 29 held out (631s)

C. FPR on each held-out benign session:
model              hgb  logreg   mlp    rf  tree  xgboost  mean
held_out_session                                               
0                0.000   0.000 0.000 0.000 0.000    0.000 0.000
1                0.000   0.037 0.056 0.000 0.056    0.000 0.025
2                0.000   0.000 0.000 0.000 0.000    0.000 0.000
3                0.018   0.036 0.055 0.073 0.200    0.018 0.067
4                0.958   0.667 0.542 0.917 0.875    0.875 0.806
5                0.000   0.000 0.000 0.054 0.768    0.000 0.137
6                0.000   0.000 0.000 0.000 0.000    0.000 0.000
7                0.000   0.000 0.000 0.011 0.032    0.000 0.007
8                1.000   0.929 0.982 1.000 0.982    0.964 0.976
29               0.904   0.842 0.842 0.932 0.842    0.870 0.872

wrote E:\Work\New ORAN paper\oran-ids-deployability\results\EXP-053 (631s)
EXIT 0
