[a_to_b__robust] source d_a_network_shared (1640182, 9) attack 0.9463
[a_to_b__robust] target d_b_5gnidd_shared (1215889, 9) attack 0.6071
  seed 101 [1/20] majority   src 0.488 -> tgt 0.378  0.9s
  seed 101 [1/20] stratified src 0.499 -> tgt 0.422  0.9s
  seed 101 [1/20] logreg     src 0.644 -> tgt 0.472  1.3s
  seed 101 [1/20] tree       src 0.662 -> tgt 0.335  0.9s
  seed 101 [1/20] rf         src 0.671 -> tgt 0.354  5.2s
  seed 101 [1/20] xgboost    src 0.666 -> tgt 0.293  16.7s
  seed 101 [1/20] hgb        src 0.671 -> tgt 0.308  14.6s
  seed 101 [1/20] mlp        src 0.670 -> tgt 0.307  86.0s
  seed 102 [2/20] majority   src 0.488 -> tgt 0.378  1.1s
  seed 102 [2/20] stratified src 0.502 -> tgt 0.422  1.2s
  seed 102 [2/20] logreg     src 0.702 -> tgt 0.470  1.4s
  seed 102 [2/20] tree       src 0.659 -> tgt 0.338  1.3s
  seed 102 [2/20] rf         src 0.717 -> tgt 0.460  12.3s
  seed 102 [2/20] xgboost    src 0.728 -> tgt 0.339  11.9s
  seed 102 [2/20] hgb        src 0.723 -> tgt 0.360  15.6s
  seed 102 [2/20] mlp        src 0.692 -> tgt 0.422  121.2s
  seed 103 [3/20] majority   src 0.488 -> tgt 0.378  1.7s
  seed 103 [3/20] stratified src 0.500 -> tgt 0.418  1.9s
  seed 103 [3/20] logreg     src 0.711 -> tgt 0.470  2.5s
  seed 103 [3/20] tree       src 0.762 -> tgt 0.354  2.1s
  seed 103 [3/20] rf         src 0.770 -> tgt 0.497  12.8s
  seed 103 [3/20] xgboost    src 0.766 -> tgt 0.332  6.8s
  seed 103 [3/20] hgb        src 0.753 -> tgt 0.351  11.7s
  seed 103 [3/20] mlp        src 0.760 -> tgt 0.321  518.4s
  seed 104 [4/20] majority   src 0.497 -> tgt 0.378  4.5s
  seed 104 [4/20] stratified src 0.488 -> tgt 0.429  3.6s
  seed 104 [4/20] logreg     src 0.567 -> tgt 0.462  4.3s
  seed 104 [4/20] tree       src 0.626 -> tgt 0.323  3.6s
  seed 104 [4/20] rf         src 0.649 -> tgt 0.413  48.9s
  seed 104 [4/20] xgboost    src 0.641 -> tgt 0.321  29.0s
  seed 104 [4/20] hgb        src 0.639 -> tgt 0.462  53.5s
  seed 104 [4/20] mlp        src 0.645 -> tgt 0.414  1005.0s
  seed 105 [5/20] majority   src 0.500 -> tgt 0.378  2.7s
  seed 105 [5/20] stratified src 0.481 -> tgt 0.430  2.6s
  seed 105 [5/20] logreg     src 0.498 -> tgt 0.464  3.9s
  seed 105 [5/20] tree       src 0.651 -> tgt 0.413  3.2s
  seed 105 [5/20] rf         src 0.676 -> tgt 0.409  22.7s
  seed 105 [5/20] xgboost    src 0.662 -> tgt 0.336  13.4s
  seed 105 [5/20] hgb        src 0.661 -> tgt 0.318  31.0s
  seed 105 [5/20] mlp        src 0.645 -> tgt 0.308  772.2s
  seed 106 [6/20] majority   src 0.490 -> tgt 0.378  2.3s
  seed 106 [6/20] stratified src 0.497 -> tgt 0.421  2.5s
  seed 106 [6/20] logreg     src 0.640 -> tgt 0.470  3.7s
  seed 106 [6/20] tree       src 0.664 -> tgt 0.403  3.1s
  seed 106 [6/20] rf         src 0.670 -> tgt 0.451  18.1s
  seed 106 [6/20] xgboost    src 0.697 -> tgt 0.354  14.6s
  seed 106 [6/20] hgb        src 0.693 -> tgt 0.407  19.5s
  seed 106 [6/20] mlp        src 0.678 -> tgt 0.408  202.1s
  seed 107 [7/20] majority   src 0.500 -> tgt 0.378  0.7s
  seed 107 [7/20] stratified src 0.480 -> tgt 0.430  0.8s
  seed 107 [7/20] logreg     src 0.492 -> tgt 0.470  1.0s
  seed 107 [7/20] tree       src 0.571 -> tgt 0.333  0.9s
  seed 107 [7/20] rf         src 0.640 -> tgt 0.414  2029.8s
  seed 107 [7/20] xgboost    src 0.584 -> tgt 0.402  6.7s
  seed 107 [7/20] hgb        src 0.575 -> tgt 0.357  15.5s
  seed 107 [7/20] mlp        src 0.534 -> tgt 0.395  164.7s
  seed 108 [8/20] majority   src 0.490 -> tgt 0.378  2.2s
  seed 108 [8/20] stratified src 0.500 -> tgt 0.422  2.8s
  seed 108 [8/20] logreg     src 0.712 -> tgt 0.470  3.4s
  seed 108 [8/20] tree       src 0.771 -> tgt 0.361  2.8s
  seed 108 [8/20] rf         src 0.787 -> tgt 0.421  17.2s
  seed 108 [8/20] xgboost    src 0.776 -> tgt 0.321  10.9s
  seed 108 [8/20] hgb        src 0.770 -> tgt 0.322  24.2s
  seed 108 [8/20] mlp        src 0.778 -> tgt 0.397  562.2s
  seed 109 [9/20] majority   src 0.488 -> tgt 0.378  1.9s
  seed 109 [9/20] stratified src 0.500 -> tgt 0.420  2.2s
  seed 109 [9/20] logreg     src 0.679 -> tgt 0.470  3.1s
  seed 109 [9/20] tree       src 0.681 -> tgt 0.321  2.7s
  seed 109 [9/20] rf         src 0.689 -> tgt 0.399  17.8s
  seed 109 [9/20] xgboost    src 0.680 -> tgt 0.314  9.8s
  seed 109 [9/20] hgb        src 0.679 -> tgt 0.315  21.7s
  seed 109 [9/20] mlp        src 0.678 -> tgt 0.323  509.6s
  seed 110 [10/20] majority   src 0.500 -> tgt 0.378  2.3s
  seed 110 [10/20] stratified src 0.480 -> tgt 0.430  2.7s
  seed 110 [10/20] logreg     src 0.490 -> tgt 0.470  2.7s
  seed 110 [10/20] tree       src 0.566 -> tgt 0.379  2.3s
  seed 110 [10/20] rf         src 0.612 -> tgt 0.402  17.7s
  seed 110 [10/20] xgboost    src 0.592 -> tgt 0.415  19.7s
  seed 110 [10/20] hgb        src 0.579 -> tgt 0.447  34.1s
  seed 110 [10/20] mlp        src 0.565 -> tgt 0.418  538.6s
  seed 111 [11/20] majority   src 0.490 -> tgt 0.378  1.2s
  seed 111 [11/20] stratified src 0.500 -> tgt 0.422  1.3s
  seed 111 [11/20] logreg     src 0.711 -> tgt 0.470  1.8s
  seed 111 [11/20] tree       src 0.835 -> tgt 0.438  1.7s
  seed 111 [11/20] rf         src 0.851 -> tgt 0.393  13.4s
  seed 111 [11/20] xgboost    src 0.836 -> tgt 0.467  7.6s
  seed 111 [11/20] hgb        src 0.828 -> tgt 0.434  13.1s
  seed 111 [11/20] mlp        src 0.762 -> tgt 0.401  259.9s
  seed 112 [12/20] majority   src 0.488 -> tgt 0.378  2.3s
  seed 112 [12/20] stratified src 0.502 -> tgt 0.422  3.7s
  seed 112 [12/20] logreg     src 0.707 -> tgt 0.469  4.4s
  seed 112 [12/20] tree       src 0.716 -> tgt 0.393  3.5s
  seed 112 [12/20] rf         src 0.737 -> tgt 0.497  14.3s
  seed 112 [12/20] xgboost    src 0.691 -> tgt 0.445  7.0s
  seed 112 [12/20] hgb        src 0.735 -> tgt 0.452  17.3s
  seed 112 [12/20] mlp        src 0.728 -> tgt 0.410  259.2s
  seed 113 [13/20] majority   src 0.499 -> tgt 0.378  1.2s
  seed 113 [13/20] stratified src 0.482 -> tgt 0.430  1.4s
  seed 113 [13/20] logreg     src 0.499 -> tgt 0.470  1.8s
  seed 113 [13/20] tree       src 0.622 -> tgt 0.451  1.7s
  seed 113 [13/20] rf         src 0.609 -> tgt 0.396  14.2s
  seed 113 [13/20] xgboost    src 0.632 -> tgt 0.394  8.1s
  seed 113 [13/20] hgb        src 0.728 -> tgt 0.489  17.9s
  seed 113 [13/20] mlp        src 0.696 -> tgt 0.402  202.1s
  seed 114 [14/20] majority   src 0.490 -> tgt 0.378  0.7s
  seed 114 [14/20] stratified src 0.498 -> tgt 0.423  0.8s
  seed 114 [14/20] logreg     src 0.710 -> tgt 0.470  1.0s
  seed 114 [14/20] tree       src 0.801 -> tgt 0.337  0.9s
  seed 114 [14/20] rf         src 0.813 -> tgt 0.401  8.0s
  seed 114 [14/20] xgboost    src 0.804 -> tgt 0.394  4.7s
  seed 114 [14/20] hgb        src 0.801 -> tgt 0.366  12.4s
  seed 114 [14/20] mlp        src 0.809 -> tgt 0.408  72.8s
  seed 115 [15/20] majority   src 0.490 -> tgt 0.378  0.7s
  seed 115 [15/20] stratified src 0.499 -> tgt 0.422  0.8s
  seed 115 [15/20] logreg     src 0.711 -> tgt 0.470  1.0s
  seed 115 [15/20] tree       src 0.773 -> tgt 0.356  1.0s
  seed 115 [15/20] rf         src 0.781 -> tgt 0.399  7.9s
  seed 115 [15/20] xgboost    src 0.773 -> tgt 0.463  4.0s
  seed 115 [15/20] hgb        src 0.760 -> tgt 0.437  11.7s
  seed 115 [15/20] mlp        src 0.751 -> tgt 0.388  56.4s
  seed 116 [16/20] majority   src 0.500 -> tgt 0.378  0.7s
  seed 116 [16/20] stratified src 0.480 -> tgt 0.430  0.8s
  seed 116 [16/20] logreg     src 0.491 -> tgt 0.470  1.0s
  seed 116 [16/20] tree       src 0.578 -> tgt 0.290  0.9s
  seed 116 [16/20] rf         src 0.636 -> tgt 0.425  5.4s
  seed 116 [16/20] xgboost    src 0.598 -> tgt 0.316  2.2s
  seed 116 [16/20] hgb        src 0.589 -> tgt 0.384  6.2s
  seed 116 [16/20] mlp        src 0.551 -> tgt 0.322  655.5s
  seed 117 [17/20] majority   src 0.490 -> tgt 0.378  2.1s
  seed 117 [17/20] stratified src 0.500 -> tgt 0.421  2.6s
  seed 117 [17/20] logreg     src 0.712 -> tgt 0.470  3.3s
  seed 117 [17/20] tree       src 0.814 -> tgt 0.383  2.8s
  seed 117 [17/20] rf         src 0.839 -> tgt 0.399  15.4s
  seed 117 [17/20] xgboost    src 0.824 -> tgt 0.388  6.4s
  seed 117 [17/20] hgb        src 0.780 -> tgt 0.442  17.8s
  seed 117 [17/20] mlp        src 0.757 -> tgt 0.387  871.8s
  seed 118 [18/20] majority   src 0.489 -> tgt 0.378  2.1s
  seed 118 [18/20] stratified src 0.499 -> tgt 0.419  2.4s
  seed 118 [18/20] logreg     src 0.713 -> tgt 0.471  3.7s
  seed 118 [18/20] tree       src 0.641 -> tgt 0.420  3.1s
  seed 118 [18/20] rf         src 0.768 -> tgt 0.495  16.4s
  seed 118 [18/20] xgboost    src 0.763 -> tgt 0.368  7.4s
  seed 118 [18/20] hgb        src 0.761 -> tgt 0.407  17.4s
  seed 118 [18/20] mlp        src 0.751 -> tgt 0.402  293.0s
  seed 119 [19/20] majority   src 0.491 -> tgt 0.378  2.3s
  seed 119 [19/20] stratified src 0.498 -> tgt 0.428  2.5s
  seed 119 [19/20] logreg     src 0.695 -> tgt 0.470  3.7s
  seed 119 [19/20] tree       src 0.770 -> tgt 0.361  3.1s
  seed 119 [19/20] rf         src 0.779 -> tgt 0.415  14.5s
  seed 119 [19/20] xgboost    src 0.706 -> tgt 0.345  6.9s
  seed 119 [19/20] hgb        src 0.755 -> tgt 0.325  18.4s
  seed 119 [19/20] mlp        src 0.734 -> tgt 0.402  317.4s
  seed 120 [20/20] majority   src 0.488 -> tgt 0.378  2.3s
  seed 120 [20/20] stratified src 0.500 -> tgt 0.418  2.5s
  seed 120 [20/20] logreg     src 0.710 -> tgt 0.470  3.7s
  seed 120 [20/20] tree       src 0.647 -> tgt 0.375  3.0s
  seed 120 [20/20] rf         src 0.758 -> tgt 0.499  17.4s
  seed 120 [20/20] xgboost    src 0.761 -> tgt 0.420  7.1s
  seed 120 [20/20] hgb        src 0.763 -> tgt 0.412  26.0s
  seed 120 [20/20] mlp        src 0.752 -> tgt 0.397  475.3s

wrote E:\Work\New ORAN paper\oran-ids-deployability\results\EXP-045\a_to_b__robust  (11094s)
EXIT 0
