{'corpus': 'd_a_radio_w16', 'n_rows': 2808, 'n_features': 32, 'attack_prevalence_pct': 76.46, 'group_key': 'session', 'n_groups': 30, 'categories': {'ddos': 936, 'benign': 661, 'probe': 526, 'dos': 293, 'web': 202, 'bruteforce': 190}, 'source_file': 'Lower_Layer_Data.db', 'n_records_raw': 45244, 'n_sessions': 30, 'sessions_label_pure': 30, 'session_gap_s': 300.0, 'n_rows_used': 2808, 'windowed': True, 'window_records': 16, 'window_seconds': 16, 'records_dropped_short': 316, 'drop_rate_pct': 0.7}
  random            seed 101: nn_same_session=0.671 unseen=[]  (11s)
  random            seed 102: nn_same_session=0.669 unseen=[]  (18s)
  random            seed 103: nn_same_session=0.662 unseen=[]  (25s)
  random            seed 104: nn_same_session=0.674 unseen=[]  (45s)
  random            seed 105: nn_same_session=0.671 unseen=[]  (65s)
  random            seed 106: nn_same_session=0.692 unseen=[]  (82s)
  random            seed 107: nn_same_session=0.671 unseen=[]  (98s)
  random            seed 108: nn_same_session=0.680 unseen=[]  (115s)
  random            seed 109: nn_same_session=0.689 unseen=[]  (130s)
  random            seed 110: nn_same_session=0.678 unseen=[]  (143s)
  random            seed 111: nn_same_session=0.671 unseen=[]  (160s)
  random            seed 112: nn_same_session=0.660 unseen=[]  (179s)
  random            seed 113: nn_same_session=0.692 unseen=[]  (190s)
  random            seed 114: nn_same_session=0.665 unseen=[]  (200s)
  random            seed 115: nn_same_session=0.664 unseen=[]  (211s)
  random            seed 116: nn_same_session=0.669 unseen=[]  (222s)
  random            seed 117: nn_same_session=0.651 unseen=[]  (236s)
  random            seed 118: nn_same_session=0.683 unseen=[]  (247s)
  random            seed 119: nn_same_session=0.708 unseen=[]  (266s)
  random            seed 120: nn_same_session=0.692 unseen=[]  (286s)
  group_disjoint    seed 101: nn_same_session=0.000 unseen=[]  (302s)
  group_disjoint    seed 102: nn_same_session=0.000 unseen=[]  (369s)
  group_disjoint    seed 103: nn_same_session=0.000 unseen=[]  (427s)
  group_disjoint    seed 104: nn_same_session=0.000 unseen=[]  (547s)
  group_disjoint    seed 105: nn_same_session=0.000 unseen=[]  (713s)
  group_disjoint    seed 106: nn_same_session=0.000 unseen=[]  (773s)
  group_disjoint    seed 107: nn_same_session=0.000 unseen=[]  (821s)
  group_disjoint    seed 108: nn_same_session=0.000 unseen=[]  (890s)
  group_disjoint    seed 109: nn_same_session=0.000 unseen=[]  (984s)
  group_disjoint    seed 110: nn_same_session=0.000 unseen=[]  (1021s)
  group_disjoint    seed 111: nn_same_session=0.000 unseen=[]  (1109s)
  group_disjoint    seed 112: nn_same_session=0.000 unseen=[]  (1173s)
  group_disjoint    seed 113: nn_same_session=0.000 unseen=[]  (1278s)
  group_disjoint    seed 114: nn_same_session=0.000 unseen=[]  (1296s)
  group_disjoint    seed 115: nn_same_session=0.000 unseen=[]  (1343s)
  group_disjoint    seed 116: nn_same_session=0.000 unseen=[]  (1364s)
  group_disjoint    seed 117: nn_same_session=0.000 unseen=[]  (1383s)
  group_disjoint    seed 118: nn_same_session=0.000 unseen=[]  (1397s)
  group_disjoint    seed 119: nn_same_session=0.000 unseen=[]  (1413s)
  group_disjoint    seed 120: nn_same_session=0.000 unseen=[]  (1428s)
  stratified_group  seed 101: nn_same_session=0.000 unseen=[]  (1447s)
  stratified_group  seed 102: nn_same_session=0.000 unseen=[]  (1463s)
  stratified_group  seed 103: nn_same_session=0.000 unseen=[]  (1479s)
  stratified_group  seed 104: nn_same_session=0.000 unseen=[]  (1499s)
  stratified_group  seed 105: nn_same_session=0.000 unseen=[]  (1518s)
  stratified_group  seed 106: nn_same_session=0.000 unseen=[]  (1548s)
  stratified_group  seed 107: nn_same_session=0.000 unseen=[]  (1564s)
  stratified_group  seed 108: nn_same_session=0.000 unseen=[]  (1580s)
  stratified_group  seed 109: nn_same_session=0.000 unseen=[]  (1625s)
  stratified_group  seed 110: nn_same_session=0.000 unseen=[]  (1651s)
  stratified_group  seed 111: nn_same_session=0.000 unseen=[]  (1734s)
  stratified_group  seed 112: nn_same_session=0.000 unseen=[]  (1787s)
  stratified_group  seed 113: nn_same_session=0.000 unseen=[]  (1818s)
  stratified_group  seed 114: nn_same_session=0.000 unseen=[]  (1856s)
  stratified_group  seed 115: nn_same_session=0.000 unseen=[]  (1890s)
  stratified_group  seed 116: nn_same_session=0.000 unseen=[]  (1925s)
  stratified_group  seed 117: nn_same_session=0.000 unseen=[]  (1958s)
  stratified_group  seed 118: nn_same_session=0.000 unseen=[]  (2021s)
  stratified_group  seed 119: nn_same_session=0.000 unseen=[]  (2060s)
  stratified_group  seed 120: nn_same_session=0.000 unseen=[]  (2145s)

proximity probe (mean over seeds):
                  nn_same_session  nn1_f1_macro  n_unseen_test_categories
protocol                                                                 
group_disjoint           0.000000      0.814365                       0.0
random                   0.675623      0.958324                       0.0
stratified_group         0.000000      0.794076                       0.0

wrote E:\Work\New ORAN paper\oran-ids-deployability\results\EXP-042  (2145s)
EXIT 0
