source (1640182, 18) attack 0.9463 | target (1215889, 18) attack 0.6071
  seed 101 logreg   done 9.5s
  seed 101 tree     done 8.4s
  seed 101 rf       done 15.8s
  seed 101 xgboost  done 12.6s
  seed 101 hgb      done 30.8s
  seed 101 mlp      done 33.1s
  seed 102 logreg   done 12.7s
  seed 102 tree     done 12.4s
  seed 102 rf       done 37.4s
  seed 102 xgboost  done 21.3s
  seed 102 hgb      done 21.5s
  seed 102 mlp      done 48.9s
  seed 103 logreg   done 19.1s
  seed 103 tree     done 15.8s
  seed 103 rf       done 37.7s
  seed 103 xgboost  done 32.3s
  seed 103 hgb      done 53.7s
  seed 103 mlp      done 385.5s
  seed 104 logreg   done 23.6s
  seed 104 tree     done 37.9s
  seed 104 rf       done 31.9s
  seed 104 xgboost  done 9.4s
  seed 104 hgb      done 13.1s
  seed 104 mlp      done 67.5s
  seed 105 logreg   done 7.8s
  seed 105 tree     done 6.3s
  seed 105 rf       done 17.3s
  seed 105 xgboost  done 7.4s
  seed 105 hgb      done 10.4s
  seed 105 mlp      done 99.3s
  seed 106 logreg   done 25.8s
  seed 106 tree     done 19.7s
  seed 106 rf       done 10.9s
  seed 106 xgboost  done 8.9s
  seed 106 hgb      done 14.1s
  seed 106 mlp      done 155.4s
  seed 107 logreg   done 35.2s
  seed 107 tree     done 7.6s
  seed 107 rf       done 13.7s
  seed 107 xgboost  done 8.6s
  seed 107 hgb      done 11.6s
  seed 107 mlp      done 65.6s
  seed 108 logreg   done 7.1s
  seed 108 tree     done 5.4s
  seed 108 rf       done 13.7s
  seed 108 xgboost  done 8.6s
  seed 108 hgb      done 17.9s
  seed 108 mlp      done 488.3s
  seed 109 logreg   done 24.7s
  seed 109 tree     done 20.8s
  seed 109 rf       done 42.0s
  seed 109 xgboost  done 27.0s
  seed 109 hgb      done 39.4s
  seed 109 mlp      done 92.2s
  seed 110 logreg   done 23.3s
  seed 110 tree     done 19.5s
  seed 110 rf       done 40.6s
  seed 110 xgboost  done 35.5s
  seed 110 hgb      done 30.2s
  seed 110 mlp      done 177.3s

=== source_test ===
  model  calibrator  brier    ece  f1_macro  recall    fpr  ppv_deploy  alerts_per_hour
    hgb    isotonic 0.0339 0.0403    0.7358  0.9964 0.5997      0.0042      144400.1878
    hgb       platt 0.0489 0.0784    0.5758  0.9768 0.7316      0.0038      176045.6782
    hgb         raw 0.0657 0.0823    0.7484  0.9170 0.1215      0.0264       29590.1739
    hgb temperature 0.0751 0.1433    0.7484  0.9170 0.1215      0.0264       29590.1739
 logreg    isotonic 0.0486 0.0866    0.5659  0.9992 0.8786      0.0025      211349.5983
 logreg       platt 0.0520 0.0861    0.5233  0.9947 0.9015      0.0025      216846.4795
 logreg         raw 0.1023 0.1852    0.6635  0.8379 0.1455      0.0174       35329.5430
 logreg temperature 0.1304 0.2580    0.6635  0.8379 0.1455      0.0174       35329.5430
    mlp    isotonic 0.0380 0.0459    0.6456  0.9987 0.7623      0.0032      183438.7163
    mlp       platt 0.0430 0.0728    0.6700  0.9979 0.7158      0.0034      172266.1031
    mlp         raw 0.0321 0.0275    0.7471  0.9921 0.5717      0.0042      137690.1661
    mlp temperature 0.0457 0.0684    0.7471  0.9921 0.5717      0.0042      137690.1661
     rf    isotonic 0.0422 0.0497    0.6318  0.9941 0.7281      0.0042      175230.9335
     rf       platt 0.0514 0.0847    0.5915  0.9935 0.7769      0.0035      186931.7860
     rf         raw 0.0435 0.0593    0.7836  0.9750 0.3410      0.0088       82297.2786
     rf temperature 0.0524 0.0876    0.7836  0.9750 0.3410      0.0088       82297.2786
   tree    isotonic 0.0588 0.1011    0.6199  0.9920 0.7606      0.0031      183032.5380
   tree       platt 0.0767 0.1275    0.4789  0.9768 0.9168      0.0027      220494.2138
   tree         raw 0.0954 0.1012    0.6863  0.9066 0.2770      0.0129       66910.7505
   tree temperature 0.0887 0.1643    0.6863  0.9066 0.2770      0.0129       66910.7505
xgboost    isotonic 0.0357 0.0418    0.7156  0.9979 0.6366      0.0041      153256.9199
xgboost       platt 0.0454 0.0708    0.5815  0.9820 0.7364      0.0037      177209.9895
xgboost         raw 0.0597 0.0765    0.7538  0.9157 0.1116      0.0267       27218.9589
xgboost temperature 0.0701 0.1391    0.7538  0.9157 0.1116      0.0267       27218.9589

=== target ===
  model            calibrator  brier    ece  f1_macro  recall    fpr  ppv_deploy  alerts_per_hour
    hgb              isotonic 0.3139 0.3109    0.3993  0.9717 0.9713      0.0020      233585.1792
    hgb isotonic+prior_ORACLE 0.3135 0.3382    0.5038  0.5953 0.4994      0.0039      120139.3392
    hgb                 platt 0.3064 0.2980    0.4288  0.9544 0.9195      0.0021      221133.2958
    hgb    platt+prior_ORACLE 0.3159 0.3043    0.5071  0.5742 0.4676      0.0025      112488.7224
    hgb                   raw 0.3250 0.3220    0.5486  0.6111 0.4693      0.0039      112922.6165
    hgb           temperature 0.2828 0.2678    0.5486  0.6111 0.4693      0.0039      112922.6165
 logreg              isotonic 0.2538 0.2916    0.3911  0.9998 0.9875      0.0020      237474.6579
 logreg isotonic+prior_ORACLE 0.3228 0.3937    0.4270  0.1615 0.0134      0.0197        3284.5478
 logreg                 platt 0.2465 0.1988    0.4152  0.9651 0.9366      0.0021      225248.5776
 logreg    platt+prior_ORACLE 0.3245 0.3345    0.4777  0.2204 0.0208      0.0208        5090.0624
 logreg                   raw 0.3764 0.3958    0.5382  0.3276 0.0808      0.0221       19550.5965
 logreg           temperature 0.3443 0.3610    0.5382  0.3276 0.0808      0.0221       19550.5965
    mlp              isotonic 0.3450 0.3420    0.4072  0.9754 0.9645      0.0020      231942.7003
    mlp isotonic+prior_ORACLE 0.3307 0.3512    0.4545  0.6199 0.5836      0.0074      140370.1700
    mlp                 platt 0.3551 0.3427    0.4105  0.9672 0.9587      0.0020      230563.7657
    mlp    platt+prior_ORACLE 0.3239 0.3127    0.3885  0.6243 0.6340      0.0020      152463.2864
    mlp                   raw 0.3695 0.3621    0.4213  0.9291 0.9349      0.0020      224829.4991
    mlp           temperature 0.3317 0.3157    0.4213  0.9291 0.9349      0.0020      224829.4991
     rf              isotonic 0.2826 0.2764    0.4699  0.9779 0.8817      0.0023      212082.3875
     rf isotonic+prior_ORACLE 0.2981 0.3360    0.4707  0.4361 0.3229      0.0109       77703.0708
     rf                 platt 0.2973 0.3005    0.5044  0.9677 0.8390      0.0024      201835.7399
     rf    platt+prior_ORACLE 0.2973 0.3013    0.4880  0.6090 0.4873      0.0022      117242.3436
     rf                   raw 0.2535 0.2514    0.5794  0.8064 0.6255      0.0026      150507.3498
     rf           temperature 0.2575 0.2520    0.5794  0.8064 0.6255      0.0026      150507.3498
   tree              isotonic 0.3304 0.3269    0.4051  0.9679 0.9606      0.0020      231000.4195
   tree isotonic+prior_ORACLE 0.3340 0.3409    0.4432  0.5273 0.4638      0.0023      111574.0303
   tree                 platt 0.3181 0.3269    0.3949  0.9763 0.9658      0.0020      232259.7826
   tree    platt+prior_ORACLE 0.3392 0.3558    0.4357  0.5075 0.4563      0.0022      109755.6678
   tree                   raw 0.3898 0.3754    0.5382  0.6977 0.5892      0.0024      141741.1774
   tree           temperature 0.3076 0.3060    0.5382  0.6977 0.5892      0.0024      141741.1774
xgboost              isotonic 0.3124 0.3188    0.3936  0.9626 0.9745      0.0020      234333.9241
xgboost isotonic+prior_ORACLE 0.2928 0.3121    0.4926  0.4967 0.3751      0.0654       90272.2750
xgboost                 platt 0.3057 0.2959    0.4498  0.9647 0.8941      0.0022      215045.3549
xgboost    platt+prior_ORACLE 0.3043 0.3058    0.5177  0.6176 0.4932      0.0025      118661.3732
xgboost                   raw 0.3148 0.3186    0.5551  0.6454 0.4910      0.0057      118143.0233
xgboost           temperature 0.2670 0.2694    0.5551  0.6454 0.4910      0.0057      118143.0233

=== can PPV >= 0.25 be reached at any threshold? ===
calibrator           isotonic  platt  raw  temperature
domain      model                                     
source_test hgb           1.0    0.0  1.0          1.0
            logreg        0.0    0.0  0.0          1.0
            mlp           1.0    0.0  1.0          1.0
            rf            1.0    0.0  1.0          1.0
            tree          0.0    0.0  0.0          0.0
            xgboost       1.0    0.0  1.0          1.0
target      hgb           0.0    0.0  1.0          1.0
            logreg        0.0    0.0  0.0          0.0
            mlp           0.0    0.0  0.0          1.0
            rf            0.0    0.0  0.0          0.0
            tree          0.0    0.0  0.0          0.0
            xgboost       0.0    0.0  0.0          0.0

wrote results\EXP-028  (2661s)
