Encoded.csv: 1215890 rows, 96 columns
benign flows with an attack-labelled twin record: 281525
           n  attack_share     attack_type  site
file                                            
1      11450      0.875022         SYNScan     1
2      11645      0.860627  TCPConnectScan     1
3      10043      0.785323         UDPScan     1
4      18279      0.033536       ICMPFlood     1
5     467717      0.375892        UDPFlood     1
6      44636      0.107357        SYNFlood     1
7      93803      0.811499       HTTPFlood     1
8      31015      0.200129     SlowrateDoS     1
9      38120      0.783972     SlowrateDoS     1
10      1608      0.000000            none     1
11     11526      0.869686         SYNScan     2
12     11653      0.860723  TCPConnectScan     2
13     10305      0.778166         UDPScan     2
14     14452      0.037503       ICMPFlood     2
15    286197      0.983690        UDPFlood     2
16     14108      0.349376        SYNFlood     2
17     93650      0.690774       HTTPFlood     2
18     12656      0.556811     SlowrateDoS     2
19     31669      0.946825     SlowrateDoS     2
20      1358      0.000000            none     2

Table V check (published ANOVA F against this copy):
 published       column  F_published      F_here  rel_diff
       Seq        'Seq'  329589.0800 469849.6391    0.4256
    Offset     'Offset'  223791.8000 319314.4097    0.4268
      sTtl       'sTtl'  189934.0600 271282.9004    0.4283
         e ' e        '  159060.9100 227726.2345    0.4317
       tcp        'tcp'  142813.2800 203833.9228    0.4273
    AckDat     'AckDat'   80707.0000 114843.3089    0.4230
       RST        'RST'   35379.1900  50539.5415    0.4285
       INT        'INT'   33941.2900  48708.6073    0.4351
    TcpRtt     'TcpRtt'   32500.8800  48169.8324    0.4821
      icmp       'icmp'   29713.0800  42247.6490    0.4219
sMeanPktSz 'sMeanPktSz'   26963.6100  38473.4480    0.4269
       FIN        'FIN'   24472.8700  34926.3310    0.4271
     sHops      'sHops'   24055.7600  34648.7069    0.4403
      Mean       'Mean'   23238.2700  33113.4649    0.4250
  R1  no_position_top10  rep0       dt   acc 0.76907  BA 0.7064  FPR 0.5872  (106s)
  R1  no_position_top10  rep0       rf   acc 0.76907  BA 0.7064  FPR 0.5872  (132s)
  R1  no_position_top10  rep0       nb   acc 0.74302  BA 0.6819  FPR 0.6044  (134s)
  R1  no_position_top10  rep0       mlp  acc 0.76632  BA 0.7032  FPR 0.5925  (944s)
  R0  published_top10    rep1       dt   acc 0.99953  BA 0.9995  FPR 0.0006  (968s)
  R0  published_top10    rep1       rf   acc 0.99957  BA 0.9996  FPR 0.0005  (1035s)
  R0  published_top10    rep1       knn  acc 0.99896  BA 0.9988  FPR 0.0019  (1257s)
  R0  published_top10    rep1       nb   acc 0.92688  BA 0.9309  FPR 0.0509  (1261s)
  R0  published_top10    rep1       mlp  acc 0.99872  BA 0.9986  FPR 0.0018  (2719s)
  R1  no_position_top10  rep1       dt   acc 0.76962  BA 0.7054  FPR 0.5891  (2723s)
  R1  no_position_top10  rep1       rf   acc 0.76964  BA 0.7054  FPR 0.5891  (2737s)
  R1  no_position_top10  rep1       nb   acc 0.74349  BA 0.6809  FPR 0.6062  (2738s)
  R1  no_position_top10  rep1       mlp  acc 0.76943  BA 0.7053  FPR 0.5892  (3276s)
  R2  published_top10    fold0      dt   acc 0.39467  BA 0.5132  FPR 0.9645  (3283s)
  R2  published_top10    fold0      rf   acc 0.77859  BA 0.8226  FPR 0.3548  (3318s)
  R2  published_top10    fold0      nb   acc 0.39200  BA 0.5129  FPR 0.9742  (3320s)
  R2  published_top10    fold0      mlp  acc 0.48273  BA 0.5855  FPR 0.8284  (4056s)
  R2  no_position_top10  fold0      dt   acc 0.39807  BA 0.5178  FPR 0.9645  (4059s)
  R2  no_position_top10  fold0      rf   acc 0.39803  BA 0.5177  FPR 0.9645  (4070s)
  R2  no_position_top10  fold0      nb   acc 0.39440  BA 0.5148  FPR 0.9703  (4071s)
  R2  no_position_top10  fold0      mlp  acc 0.39802  BA 0.5177  FPR 0.9645  (4675s)
  R2  published_top10    fold1      dt   acc 0.66125  BA 0.8243  FPR 0.0071  (4685s)
  R2  published_top10    fold1      rf   acc 0.64613  BA 0.8197  FPR 0.0009  (4712s)
  R2  published_top10    fold1      nb   acc 0.23891  BA 0.5366  FPR 0.1557  (4713s)
  R2  published_top10    fold1      mlp  acc 0.64617  BA 0.8189  FPR 0.0026  (6041s)
  R2  no_position_top10  fold1      dt   acc 0.01630  BA 0.4996  FPR 0.0009  (6043s)
  R2  no_position_top10  fold1      rf   acc 0.01630  BA 0.4996  FPR 0.0009  (6057s)
  R2  no_position_top10  fold1      nb   acc 0.01561  BA 0.4786  FPR 0.0428  (6057s)
  R2  no_position_top10  fold1      mlp  acc 0.01629  BA 0.4995  FPR 0.0011  (6732s)
  R2  published_top10    fold2      dt   acc 0.98586  BA 0.9880  FPR 0.0044  (6740s)
  R2  published_top10    fold2      rf   acc 0.99197  BA 0.9936  FPR 0.0006  (6769s)
  R2  published_top10    fold2      nb   acc 0.93343  BA 0.9205  FPR 0.1247  (6770s)
  R2  published_top10    fold2      mlp  acc 0.96496  BA 0.9684  FPR 0.0198  (7372s)
  R2  no_position_top10  fold2      dt   acc 0.99853  BA 0.9980  FPR 0.0040  (7374s)
  R2  no_position_top10  fold2      rf   acc 0.99983  BA 0.9998  FPR 0.0004  (7390s)
  R2  no_position_top10  fold2      nb   acc 0.95725  BA 0.9566  FPR 0.0455  (7390s)
  R2  no_position_top10  fold2      mlp  acc 0.99938  BA 0.9994  FPR 0.0006  (7818s)
  R2  published_top10    fold3      dt   acc 0.99041  BA 0.9913  FPR 0.0047  (7826s)
  R2  published_top10    fold3      rf   acc 0.99651  BA 0.9963  FPR 0.0049  (7855s)
  R2  published_top10    fold3      nb   acc 0.87991  BA 0.8813  FPR 0.1123  (7856s)
  R2  published_top10    fold3      mlp  acc 0.96418  BA 0.9663  FPR 0.0232  (8304s)
  R2  no_position_top10  fold3      dt   acc 0.99814  BA 0.9977  FPR 0.0042  (8306s)
  R2  no_position_top10  fold3      rf   acc 0.99761  BA 0.9976  FPR 0.0028  (8322s)
  R2  no_position_top10  fold3      nb   acc 0.90176  BA 0.9125  FPR 0.0353  (8323s)
  R2  no_position_top10  fold3      mlp  acc 0.99423  BA 0.9936  FPR 0.0093  (8918s)
  R2  published_top10    fold4      dt   acc 0.97718  BA 0.9802  FPR 0.0004  (8926s)
  R2  published_top10    fold4      rf   acc 0.97763  BA 0.9805  FPR 0.0005  (8953s)
  R2  published_top10    fold4      nb   acc 0.90291  BA 0.8994  FPR 0.1236  (8954s)
  R2  published_top10    fold4      mlp  acc 0.99571  BA 0.9956  FPR 0.0050  (9419s)
  R2  no_position_top10  fold4      dt   acc 0.97817  BA 0.9811  FPR 0.0002  (9421s)
  R2  no_position_top10  fold4      rf   acc 0.98064  BA 0.9832  FPR 0.0002  (9434s)
  R2  no_position_top10  fold4      nb   acc 0.93000  BA 0.9341  FPR 0.0390  (9434s)
  R2  no_position_top10  fold4      mlp  acc 0.99206  BA 0.9917  FPR 0.0104  (9656s)
  R3  published_top10    site1to2   dt   acc 0.78721  BA 0.8746  FPR 0.0023  (9661s)
  R3  published_top10    site1to2   rf   acc 0.78887  BA 0.8759  FPR 0.0014  (9680s)
  R3  published_top10    site1to2   nb   acc 0.59577  BA 0.7065  FPR 0.1374  (9681s)
  R3  published_top10    site1to2   mlp  acc 0.77964  BA 0.8688  FPR 0.0055  (10227s)
  R3  no_position_top10  site1to2   dt   acc 0.42237  BA 0.6618  FPR 0.0009  (10229s)
  R3  no_position_top10  site1to2   rf   acc 0.42244  BA 0.6618  FPR 0.0010  (10240s)
  R3  no_position_top10  site1to2   nb   acc 0.39767  BA 0.6279  FPR 0.0477  (10241s)
  R3  no_position_top10  site1to2   mlp  acc 0.55470  BA 0.7311  FPR 0.0204  (10394s)
  R3  published_top10    site2to1   dt   acc 0.60913  BA 0.6492  FPR 0.6919  (10399s)
  R3  published_top10    site2to1   rf   acc 0.90488  BA 0.9139  FPR 0.1625  (10412s)
  R3  published_top10    site2to1   nb   acc 0.57313  BA 0.6132  FPR 0.7274  (10413s)
  R3  published_top10    site2to1   mlp  acc 0.82950  BA 0.8467  FPR 0.2993  (10759s)
  R3  no_position_top10  site2to1   dt   acc 0.60943  BA 0.6496  FPR 0.6919  (10761s)
  R3  no_position_top10  site2to1   rf   acc 0.60916  BA 0.6493  FPR 0.6919  (10768s)
  R3  no_position_top10  site2to1   nb   acc 0.58691  BA 0.6263  FPR 0.7091  (10769s)
  R3  no_position_top10  site2to1   mlp  acc 0.61205  BA 0.6527  FPR 0.6935  (10923s)

rung       feature_set model  accuracy  balanced_accuracy  f1_macro  recall    fpr  roc_auc     tp     fp     tn     fn  clean_balanced_accuracy  clean_fpr  clean_recall  clean_tp  clean_fp  clean_tn  clean_fn  n  reported_accuracy
  R0   published_top10    dt    0.9996             0.9995    0.9995  0.9996 0.0005   0.9995 443279    157 285928    170                   0.9996     0.0003        0.9996    443279        40    117818       170  2             0.9990
  R0   published_top10   knn    0.9990             0.9988    0.9989  0.9996 0.0019   0.9997 443255    548 285537    194                   0.9978     0.0039        0.9996    443255       460    117398       194  2             0.9987
  R0   published_top10   mlp    0.9987             0.9986    0.9986  0.9992 0.0021   0.9999 443113    607 285478    336                   0.9973     0.0046        0.9992    443113       544    117314       336  2             0.9985
  R0   published_top10    nb    0.9271             0.9310    0.9246  0.9131 0.0511   0.9641 404898  14610 271475  38551                   0.8946     0.1240        0.9131    404898     14610    103248     38551  2             0.9635
  R0   published_top10    rf    0.9996             0.9996    0.9996  0.9997 0.0005   1.0000 443295    153 285932    154                   0.9997     0.0003        0.9997    443295        38    117820       154  2             0.9995
  R1 no_position_top10    dt    0.7693             0.7059    0.7120  1.0000 0.5881   0.8278 443438 168258 117827     11                   0.9999     0.0003        1.0000    443438        31    117827        11  2             0.9990
  R1 no_position_top10   mlp    0.7679             0.7042    0.7099  0.9993 0.5909   0.8256 443147 169039 117046    302                   0.9962     0.0069        0.9993    443147       812    117046       302  2             0.9985
  R1 no_position_top10    nb    0.7433             0.6814    0.6838  0.9681 0.6053   0.7754 429308 173162 112923  14141                   0.9631     0.0419        0.9681    429308      4935    112923     14141  2             0.9635
  R1 no_position_top10    rf    0.7694             0.7059    0.7120  1.0000 0.5881   0.8278 443447 168260 117825      2                   0.9999     0.0003        1.0000    443447        33    117825         2  2             0.9995
  R2 no_position_top10    dt    0.6778             0.7988    0.6605  0.7924 0.1948   0.8989 453288 282033 195704 284865                   0.8952     0.0020        0.7924    453288       508    195704    284865  5             0.9990
  R2 no_position_top10   mlp    0.6800             0.8004    0.6626  0.7979 0.1972   0.9159 455689 282841 194896 282464                   0.8966     0.0048        0.7979    455689      1316    194896    282464  5             0.9985
  R2 no_position_top10    nb    0.6398             0.7593    0.6207  0.7453 0.2266   0.8665 431101 290628 187109 307052                   0.8398     0.0657        0.7453    431101      9103    187109    307052  5             0.9635
  R2 no_position_top10    rf    0.6785             0.7996    0.6611  0.7929 0.1937   0.9033 453485 281760 195977 284668                   0.8958     0.0013        0.7929    453485       235    195977    284668  5             0.9995
  R2   published_top10    dt    0.8019             0.8594    0.7402  0.9150 0.1962   0.8594 633077 282126 195611 105076                   0.9558     0.0035        0.9150    633077       601    195611    105076  5             0.9990
  R2   published_top10   mlp    0.8108             0.8669    0.7591  0.9097 0.1758   0.8668 627994 244682 233055 110159                   0.9359     0.0379        0.9097    627994      4306    191906    110159  5             0.9985
  R2   published_top10    nb    0.6694             0.7501    0.6415  0.7983 0.2981   0.7608 498904 306836 170901 239249                   0.8201     0.1581        0.7983    498904     25311    170901    239249  5             0.9635
  R2   published_top10    rf    0.8782             0.9226    0.8352  0.9174 0.0723   0.9854 632091 103937 373800 106062                   0.9578     0.0018        0.9174    632091       402    195810    106062  5             0.9995
  R3 no_position_top10    dt    0.5159             0.6557    0.4960  0.6577 0.3464   0.8243 453686 281628 196109 284467                   0.8286     0.0006        0.6577    453686       103    196109    284467  2             0.9990
  R3 no_position_top10   mlp    0.5834             0.6919    0.5506  0.7407 0.3569   0.7700 522139 283652 194085 216014                   0.8639     0.0129        0.7407    522139      2127    194085    216014  2             0.9985
  R3 no_position_top10    nb    0.4923             0.6271    0.4726  0.6326 0.3784   0.8461 435566 291951 185786 302587                   0.7903     0.0519        0.6326    435566     10426    185786    302587  2             0.9635
  R3 no_position_top10    rf    0.5158             0.6555    0.4959  0.6575 0.3465   0.8228 453537 281645 196092 284616                   0.8284     0.0007        0.6575    453537       120    196092    284616  2             0.9995
  R3   published_top10    dt    0.6982             0.7619    0.6484  0.8709 0.3471   0.7619 631472 281751 195986 106681                   0.9348     0.0014        0.8709    631472       226    195986    106681  2             0.9990
  R3   published_top10   mlp    0.8046             0.8577    0.7694  0.8679 0.1524   0.8824 628730 122197 355540 109423                   0.9282     0.0115        0.8679    628730      2573    193639    109423  2             0.9985
  R3   published_top10    nb    0.5844             0.6598    0.5405  0.7521 0.4324   0.7030 535909 305747 171990 202244                   0.8128     0.1265        0.7521    535909     24222    171990    202244  2             0.9635
  R3   published_top10    rf    0.8469             0.8949    0.8118  0.8717 0.0819   0.9852 632150  66214 411523 106003                   0.9354     0.0009        0.8717    632150       152    196060    106003  2             0.9995

wrote E:\Work\New ORAN paper\oran-ids-deployability\results\EXP-055 (10923s)
