[a_to_b__shared__coral] source d_a_network_shared (1640182, 18) attack 0.9463
[a_to_b__shared__coral] target d_b_5gnidd_shared (1215889, 18) attack 0.6071
  seed 101 [1/20] majority   src 0.488 -> tgt 0.378  0.8s
  seed 101 [1/20] stratified src 0.499 -> tgt 0.422  0.8s
  seed 101 [1/20] logreg     src 0.642 -> tgt 0.408  2.4s
  seed 101 [1/20] tree       src 0.671 -> tgt 0.435  3.5s
  seed 101 [1/20] rf         src 0.691 -> tgt 0.418  15.6s
  seed 101 [1/20] xgboost    src 0.676 -> tgt 0.391  7.4s
  seed 101 [1/20] hgb        src 0.676 -> tgt 0.389  11.3s
  seed 101 [1/20] mlp        src 0.671 -> tgt 0.619  151.6s
  seed 102 [2/20] majority   src 0.488 -> tgt 0.378  1.5s
  seed 102 [2/20] stratified src 0.502 -> tgt 0.422  1.5s
  seed 102 [2/20] logreg     src 0.669 -> tgt 0.420  3.6s
  seed 102 [2/20] tree       src 0.602 -> tgt 0.373  3.8s
  seed 102 [2/20] rf         src 0.757 -> tgt 0.368  18.9s
  seed 102 [2/20] xgboost    src 0.733 -> tgt 0.470  6.2s
  seed 102 [2/20] hgb        src 0.723 -> tgt 0.463  8.3s
  seed 102 [2/20] mlp        src 0.664 -> tgt 0.548  177.0s
  seed 103 [3/20] majority   src 0.488 -> tgt 0.378  2.4s
  seed 103 [3/20] stratified src 0.500 -> tgt 0.418  3.4s
  seed 103 [3/20] logreg     src 0.727 -> tgt 0.447  7.3s
  seed 103 [3/20] tree       src 0.658 -> tgt 0.557  19.9s
  seed 103 [3/20] rf         src 0.834 -> tgt 0.373  49.6s
  seed 103 [3/20] xgboost    src 0.773 -> tgt 0.462  17.4s
  seed 103 [3/20] hgb        src 0.753 -> tgt 0.394  27.0s
  seed 103 [3/20] mlp        src 0.757 -> tgt 0.650  288.5s
  seed 104 [4/20] majority   src 0.497 -> tgt 0.378  4.5s
  seed 104 [4/20] stratified src 0.488 -> tgt 0.429  4.0s
  seed 104 [4/20] logreg     src 0.530 -> tgt 0.429  8.9s
  seed 104 [4/20] tree       src 0.402 -> tgt 0.414  12.9s
  seed 104 [4/20] rf         src 0.453 -> tgt 0.370  61.4s
  seed 104 [4/20] xgboost    src 0.532 -> tgt 0.363  40.0s
  seed 104 [4/20] hgb        src 0.470 -> tgt 0.603  43.6s
  seed 104 [4/20] mlp        src 0.568 -> tgt 0.598  158.1s
  seed 105 [5/20] majority   src 0.500 -> tgt 0.378  2.6s
  seed 105 [5/20] stratified src 0.481 -> tgt 0.430  2.7s
  seed 105 [5/20] logreg     src 0.495 -> tgt 0.429  5.8s
  seed 105 [5/20] tree       src 0.425 -> tgt 0.533  12.1s
  seed 105 [5/20] rf         src 0.455 -> tgt 0.372  52.5s
  seed 105 [5/20] xgboost    src 0.453 -> tgt 0.395  16.4s
  seed 105 [5/20] hgb        src 0.454 -> tgt 0.421  27.2s
  seed 105 [5/20] mlp        src 0.531 -> tgt 0.600  539.4s
  seed 106 [6/20] majority   src 0.490 -> tgt 0.378  2.5s
  seed 106 [6/20] stratified src 0.497 -> tgt 0.421  2.9s
  seed 106 [6/20] logreg     src 0.664 -> tgt 0.431  5.5s
  seed 106 [6/20] tree       src 0.710 -> tgt 0.644  9.9s
  seed 106 [6/20] rf         src 0.706 -> tgt 0.369  50.6s
  seed 106 [6/20] xgboost    src 0.711 -> tgt 0.450  14.0s
  seed 106 [6/20] hgb        src 0.708 -> tgt 0.457  27.7s
  seed 106 [6/20] mlp        src 0.682 -> tgt 0.624  293.7s
  seed 107 [7/20] majority   src 0.500 -> tgt 0.378  2.0s
  seed 107 [7/20] stratified src 0.480 -> tgt 0.430  2.3s
  seed 107 [7/20] logreg     src 0.485 -> tgt 0.436  5.7s
  seed 107 [7/20] tree       src 0.433 -> tgt 0.361  9.5s
  seed 107 [7/20] rf         src 0.452 -> tgt 0.372  46.8s
  seed 107 [7/20] xgboost    src 0.450 -> tgt 0.383  9.8s
  seed 107 [7/20] hgb        src 0.452 -> tgt 0.377  19.9s
  seed 107 [7/20] mlp        src 0.497 -> tgt 0.616  138.5s
  seed 108 [8/20] majority   src 0.490 -> tgt 0.378  1.6s
  seed 108 [8/20] stratified src 0.500 -> tgt 0.422  1.8s
  seed 108 [8/20] logreg     src 0.736 -> tgt 0.444  4.0s
  seed 108 [8/20] tree       src 0.781 -> tgt 0.390  6.9s
  seed 108 [8/20] rf         src 0.871 -> tgt 0.380  26.7s
  seed 108 [8/20] xgboost    src 0.784 -> tgt 0.418  7.9s
  seed 108 [8/20] hgb        src 0.782 -> tgt 0.401  14.5s
  seed 108 [8/20] mlp        src 0.768 -> tgt 0.572  90.0s
  seed 109 [9/20] majority   src 0.488 -> tgt 0.378  2.7s
  seed 109 [9/20] stratified src 0.500 -> tgt 0.420  2.5s
  seed 109 [9/20] logreg     src 0.673 -> tgt 0.578  7.2s
  seed 109 [9/20] tree       src 0.695 -> tgt 0.409  8.4s
  seed 109 [9/20] rf         src 0.737 -> tgt 0.367  42.6s
  seed 109 [9/20] xgboost    src 0.688 -> tgt 0.386  12.4s
  seed 109 [9/20] hgb        src 0.690 -> tgt 0.380  17.9s
  seed 109 [9/20] mlp        src 0.670 -> tgt 0.431  168.4s
  seed 110 [10/20] majority   src 0.500 -> tgt 0.378  2.5s
  seed 110 [10/20] stratified src 0.480 -> tgt 0.430  4.8s
  seed 110 [10/20] logreg     src 0.484 -> tgt 0.431  8.1s
  seed 110 [10/20] tree       src 0.439 -> tgt 0.537  9.6s
  seed 110 [10/20] rf         src 0.453 -> tgt 0.368  2231.2s
  seed 110 [10/20] xgboost    src 0.449 -> tgt 0.428  5.2s
  seed 110 [10/20] hgb        src 0.464 -> tgt 0.405  23.0s
  seed 110 [10/20] mlp        src 0.507 -> tgt 0.628  262.6s
  seed 111 [11/20] majority   src 0.490 -> tgt 0.378  1.9s
  seed 111 [11/20] stratified src 0.500 -> tgt 0.422  2.6s
  seed 111 [11/20] logreg     src 0.735 -> tgt 0.442  4.8s
  seed 111 [11/20] tree       src 0.800 -> tgt 0.453  7.6s
  seed 111 [11/20] rf         src 0.879 -> tgt 0.371  39.7s
  seed 111 [11/20] xgboost    src 0.789 -> tgt 0.426  10.9s
  seed 111 [11/20] hgb        src 0.785 -> tgt 0.391  18.2s
  seed 111 [11/20] mlp        src 0.776 -> tgt 0.631  294.5s
  seed 112 [12/20] majority   src 0.488 -> tgt 0.378  2.1s
  seed 112 [12/20] stratified src 0.502 -> tgt 0.422  2.5s
  seed 112 [12/20] logreg     src 0.513 -> tgt 0.438  4.3s
  seed 112 [12/20] tree       src 0.538 -> tgt 0.404  6.8s
  seed 112 [12/20] rf         src 0.770 -> tgt 0.368  30.3s
  seed 112 [12/20] xgboost    src 0.726 -> tgt 0.464  9.9s
  seed 112 [12/20] hgb        src 0.705 -> tgt 0.414  16.9s
  seed 112 [12/20] mlp        src 0.662 -> tgt 0.439  94.0s
  seed 113 [13/20] majority   src 0.499 -> tgt 0.378  3.5s
  seed 113 [13/20] stratified src 0.482 -> tgt 0.430  4.1s
  seed 113 [13/20] logreg     src 0.499 -> tgt 0.432  10.7s
  seed 113 [13/20] tree       src 0.431 -> tgt 0.409  10.4s
  seed 113 [13/20] rf         src 0.559 -> tgt 0.370  43.7s
  seed 113 [13/20] xgboost    src 0.542 -> tgt 0.439  11.9s
  seed 113 [13/20] hgb        src 0.469 -> tgt 0.431  25.9s
  seed 113 [13/20] mlp        src 0.566 -> tgt 0.648  111.1s
  seed 114 [14/20] majority   src 0.490 -> tgt 0.378  2.5s
  seed 114 [14/20] stratified src 0.498 -> tgt 0.423  2.7s
  seed 114 [14/20] logreg     src 0.735 -> tgt 0.440  6.5s
  seed 114 [14/20] tree       src 0.780 -> tgt 0.390  9.8s
  seed 114 [14/20] rf         src 0.878 -> tgt 0.370  46.2s
  seed 114 [14/20] xgboost    src 0.785 -> tgt 0.431  12.9s
  seed 114 [14/20] hgb        src 0.780 -> tgt 0.400  20.6s
  seed 114 [14/20] mlp        src 0.760 -> tgt 0.661  210.9s
  seed 115 [15/20] majority   src 0.490 -> tgt 0.378  1.7s
  seed 115 [15/20] stratified src 0.499 -> tgt 0.422  1.9s
  seed 115 [15/20] logreg     src 0.734 -> tgt 0.442  6.4s
  seed 115 [15/20] tree       src 0.774 -> tgt 0.393  14.6s
  seed 115 [15/20] rf         src 0.871 -> tgt 0.379  40.1s
  seed 115 [15/20] xgboost    src 0.781 -> tgt 0.415  12.5s
  seed 115 [15/20] hgb        src 0.771 -> tgt 0.389  9.6s
  seed 115 [15/20] mlp        src 0.749 -> tgt 0.605  156.6s
  seed 116 [16/20] majority   src 0.500 -> tgt 0.378  1.6s
  seed 116 [16/20] stratified src 0.480 -> tgt 0.430  1.7s
  seed 116 [16/20] logreg     src 0.484 -> tgt 0.429  3.9s
  seed 116 [16/20] tree       src 0.452 -> tgt 0.391  7.6s
  seed 116 [16/20] rf         src 0.451 -> tgt 0.378  43.3s
  seed 116 [16/20] xgboost    src 0.449 -> tgt 0.459  10.7s
  seed 116 [16/20] hgb        src 0.457 -> tgt 0.428  22.4s
  seed 116 [16/20] mlp        src 0.490 -> tgt 0.588  363.0s
  seed 117 [17/20] majority   src 0.490 -> tgt 0.378  1.2s
  seed 117 [17/20] stratified src 0.500 -> tgt 0.421  1.4s
  seed 117 [17/20] logreg     src 0.736 -> tgt 0.436  2.9s
  seed 117 [17/20] tree       src 0.779 -> tgt 0.452  4.8s
  seed 117 [17/20] rf         src 0.860 -> tgt 0.368  36.3s
  seed 117 [17/20] xgboost    src 0.775 -> tgt 0.374  8.9s
  seed 117 [17/20] hgb        src 0.774 -> tgt 0.380  16.5s
  seed 117 [17/20] mlp        src 0.758 -> tgt 0.593  80.8s
  seed 118 [18/20] majority   src 0.489 -> tgt 0.378  1.2s
  seed 118 [18/20] stratified src 0.499 -> tgt 0.419  1.3s
  seed 118 [18/20] logreg     src 0.729 -> tgt 0.432  2.9s
  seed 118 [18/20] tree       src 0.672 -> tgt 0.379  4.2s
  seed 118 [18/20] rf         src 0.850 -> tgt 0.381  41.1s
  seed 118 [18/20] xgboost    src 0.786 -> tgt 0.391  10.1s
  seed 118 [18/20] hgb        src 0.784 -> tgt 0.446  20.8s
  seed 118 [18/20] mlp        src 0.755 -> tgt 0.619  78.6s
  seed 119 [19/20] majority   src 0.491 -> tgt 0.378  1.3s
  seed 119 [19/20] stratified src 0.498 -> tgt 0.428  1.4s
  seed 119 [19/20] logreg     src 0.496 -> tgt 0.448  2.7s
  seed 119 [19/20] tree       src 0.683 -> tgt 0.590  3.6s
  seed 119 [19/20] rf         src 0.769 -> tgt 0.378  27.5s
  seed 119 [19/20] xgboost    src 0.689 -> tgt 0.419  8.1s
  seed 119 [19/20] hgb        src 0.685 -> tgt 0.395  15.7s
  seed 119 [19/20] mlp        src 0.657 -> tgt 0.588  55.5s
  seed 120 [20/20] majority   src 0.488 -> tgt 0.378  1.2s
  seed 120 [20/20] stratified src 0.500 -> tgt 0.418  1.4s
  seed 120 [20/20] logreg     src 0.731 -> tgt 0.449  2.9s
  seed 120 [20/20] tree       src 0.648 -> tgt 0.399  4.6s
  seed 120 [20/20] rf         src 0.681 -> tgt 0.369  35.7s
  seed 120 [20/20] xgboost    src 0.789 -> tgt 0.431  9.5s
  seed 120 [20/20] hgb        src 0.786 -> tgt 0.428  13.1s
  seed 120 [20/20] mlp        src 0.756 -> tgt 0.597  126.2s

wrote E:\Work\New ORAN paper\oran-ids-deployability\results\EXP-049\a_to_b__shared__coral  (7905s)
EXIT 0
