[a_to_b__shared] source d_a_network_shared (1640182, 18) attack 0.9463
[a_to_b__shared] target d_b_5gnidd_shared (1215889, 18) attack 0.6071
  seed 101 [1/20] majority   src 0.488 -> tgt 0.378  5.7s
  seed 101 [1/20] stratified src 0.499 -> tgt 0.422  6.0s
  seed 101 [1/20] logreg     src 0.642 -> tgt 0.464  9.6s
  seed 101 [1/20] tree       src 0.625 -> tgt 0.581  7.3s
  seed 101 [1/20] rf         src 0.690 -> tgt 0.565  31.4s
  seed 101 [1/20] xgboost    src 0.676 -> tgt 0.569  16.9s
  seed 101 [1/20] hgb        src 0.673 -> tgt 0.546  36.6s
  seed 101 [1/20] mlp        src 0.661 -> tgt 0.582  272.3s
  seed 102 [2/20] majority   src 0.488 -> tgt 0.378  5.6s
  seed 102 [2/20] stratified src 0.502 -> tgt 0.422  6.3s
  seed 102 [2/20] logreg     src 0.670 -> tgt 0.447  10.7s
  seed 102 [2/20] tree       src 0.504 -> tgt 0.543  9.1s
  seed 102 [2/20] rf         src 0.762 -> tgt 0.583  19.9s
  seed 102 [2/20] xgboost    src 0.705 -> tgt 0.571  11.4s
  seed 102 [2/20] hgb        src 0.683 -> tgt 0.554  16.8s
  seed 102 [2/20] mlp        src 0.702 -> tgt 0.568  249.3s
  seed 103 [3/20] majority   src 0.488 -> tgt 0.378  5.1s
  seed 103 [3/20] stratified src 0.500 -> tgt 0.418  4.7s
  seed 103 [3/20] logreg     src 0.727 -> tgt 0.524  8.6s
  seed 103 [3/20] tree       src 0.756 -> tgt 0.557  7.8s
  seed 103 [3/20] rf         src 0.829 -> tgt 0.576  19.4s
  seed 103 [3/20] xgboost    src 0.742 -> tgt 0.582  17.7s
  seed 103 [3/20] hgb        src 0.741 -> tgt 0.582  75.2s
  seed 103 [3/20] mlp        src 0.757 -> tgt 0.588  174.5s
  seed 104 [4/20] majority   src 0.497 -> tgt 0.378  25.2s
  seed 104 [4/20] stratified src 0.488 -> tgt 0.429  19.1s
  seed 104 [4/20] logreg     src 0.530 -> tgt 0.541  22.2s
  seed 104 [4/20] tree       src 0.460 -> tgt 0.507  25.3s
  seed 104 [4/20] rf         src 0.466 -> tgt 0.504  51.1s
  seed 104 [4/20] xgboost    src 0.467 -> tgt 0.301  91.3s
  seed 104 [4/20] hgb        src 0.467 -> tgt 0.311  374.3s
  seed 104 [4/20] mlp        src 0.568 -> tgt 0.308  187.6s
  seed 105 [5/20] majority   src 0.500 -> tgt 0.378  8.8s
  seed 105 [5/20] stratified src 0.481 -> tgt 0.430  9.1s
  seed 105 [5/20] logreg     src 0.495 -> tgt 0.539  14.3s
  seed 105 [5/20] tree       src 0.424 -> tgt 0.561  14.5s
  seed 105 [5/20] rf         src 0.450 -> tgt 0.576  65.5s
  seed 105 [5/20] xgboost    src 0.451 -> tgt 0.552  66.4s
  seed 105 [5/20] hgb        src 0.448 -> tgt 0.559  216.0s
  seed 105 [5/20] mlp        src 0.539 -> tgt 0.523  661.8s
  seed 106 [6/20] majority   src 0.490 -> tgt 0.378  10.6s
  seed 106 [6/20] stratified src 0.497 -> tgt 0.421  11.5s
  seed 106 [6/20] logreg     src 0.664 -> tgt 0.543  15.5s
  seed 106 [6/20] tree       src 0.648 -> tgt 0.503  13.2s
  seed 106 [6/20] rf         src 0.711 -> tgt 0.581  28.1s
  seed 106 [6/20] xgboost    src 0.667 -> tgt 0.588  54.2s
