[a_to_b__shared] source d_a_network_shared (1640182, 18) attack 0.9463
[a_to_b__shared] target d_b_5gnidd_shared (1215889, 18) attack 0.6071
  seed 101 [1/10] majority   src 0.488 -> tgt 0.378  13.6s
  seed 101 [1/10] stratified src 0.499 -> tgt 0.422  14.5s
  seed 101 [1/10] logreg     src 0.642 -> tgt 0.464  53.5s
  seed 101 [1/10] tree       src 0.625 -> tgt 0.581  32.9s
  seed 101 [1/10] rf         src 0.690 -> tgt 0.565  60.8s
  seed 101 [1/10] xgboost    src 0.676 -> tgt 0.569  37.8s
  seed 101 [1/10] hgb        src 0.673 -> tgt 0.546  76.1s
  seed 101 [1/10] mlp        src 0.661 -> tgt 0.582  477.1s
  seed 102 [2/10] majority   src 0.488 -> tgt 0.378  16.8s
  seed 102 [2/10] stratified src 0.502 -> tgt 0.422  18.1s
  seed 102 [2/10] logreg     src 0.670 -> tgt 0.447  40.0s
  seed 102 [2/10] tree       src 0.504 -> tgt 0.543  51.2s
  seed 102 [2/10] rf         src 0.762 -> tgt 0.583  101.6s
  seed 102 [2/10] xgboost    src 0.705 -> tgt 0.571  116.8s
  seed 102 [2/10] hgb        src 0.683 -> tgt 0.554  56.2s
  seed 102 [2/10] mlp        src 0.702 -> tgt 0.568  450.2s
  seed 103 [3/10] majority   src 0.488 -> tgt 0.378  12.9s
  seed 103 [3/10] stratified src 0.500 -> tgt 0.418  6.5s
  seed 103 [3/10] logreg     src 0.727 -> tgt 0.524  13.6s
  seed 103 [3/10] tree       src 0.756 -> tgt 0.557  22.3s
  seed 103 [3/10] rf         src 0.829 -> tgt 0.576  50.7s
  seed 103 [3/10] xgboost    src 0.742 -> tgt 0.582  17.7s
  seed 103 [3/10] hgb        src 0.741 -> tgt 0.582  27.5s
  seed 103 [3/10] mlp        src 0.757 -> tgt 0.588  121.1s
  seed 104 [4/10] majority   src 0.497 -> tgt 0.378  4.4s
  seed 104 [4/10] stratified src 0.488 -> tgt 0.429  4.4s
  seed 104 [4/10] logreg     src 0.530 -> tgt 0.541  7.5s
  seed 104 [4/10] tree       src 0.460 -> tgt 0.507  6.4s
  seed 104 [4/10] rf         src 0.466 -> tgt 0.504  24.4s
  seed 104 [4/10] xgboost    src 0.467 -> tgt 0.301  11.4s
  seed 104 [4/10] hgb        src 0.467 -> tgt 0.311  36.3s
  seed 104 [4/10] mlp        src 0.568 -> tgt 0.308  86.3s
  seed 105 [5/10] majority   src 0.500 -> tgt 0.378  6.3s
  seed 105 [5/10] stratified src 0.481 -> tgt 0.430  6.8s
  seed 105 [5/10] logreg     src 0.495 -> tgt 0.539  10.3s
  seed 105 [5/10] tree       src 0.424 -> tgt 0.561  9.4s
  seed 105 [5/10] rf         src 0.450 -> tgt 0.576  34.1s
  seed 105 [5/10] xgboost    src 0.451 -> tgt 0.552  13.8s
  seed 105 [5/10] hgb        src 0.448 -> tgt 0.559  24.1s
  seed 105 [5/10] mlp        src 0.539 -> tgt 0.523  292.4s
  seed 106 [6/10] majority   src 0.490 -> tgt 0.378  8.9s
  seed 106 [6/10] stratified src 0.497 -> tgt 0.421  7.9s
  seed 106 [6/10] logreg     src 0.664 -> tgt 0.543  9.1s
  seed 106 [6/10] tree       src 0.648 -> tgt 0.503  7.1s
  seed 106 [6/10] rf         src 0.711 -> tgt 0.581  29.7s
  seed 106 [6/10] xgboost    src 0.667 -> tgt 0.588  13.3s
  seed 106 [6/10] hgb        src 0.687 -> tgt 0.580  32.8s
  seed 106 [6/10] mlp        src 0.695 -> tgt 0.590  846.1s
  seed 107 [7/10] majority   src 0.500 -> tgt 0.378  3.9s
  seed 107 [7/10] stratified src 0.480 -> tgt 0.430  4.0s
  seed 107 [7/10] logreg     src 0.485 -> tgt 0.543  8.4s
  seed 107 [7/10] tree       src 0.444 -> tgt 0.548  6.1s
  seed 107 [7/10] rf         src 0.449 -> tgt 0.583  22.0s
  seed 107 [7/10] xgboost    src 0.447 -> tgt 0.513  9.6s
  seed 107 [7/10] hgb        src 0.447 -> tgt 0.556  22.1s
  seed 107 [7/10] mlp        src 0.484 -> tgt 0.497  330.6s
  seed 108 [8/10] majority   src 0.490 -> tgt 0.378  4.4s
  seed 108 [8/10] stratified src 0.500 -> tgt 0.422  4.7s
  seed 108 [8/10] logreg     src 0.736 -> tgt 0.542  7.2s
  seed 108 [8/10] tree       src 0.771 -> tgt 0.587  6.5s
  seed 108 [8/10] rf         src 0.872 -> tgt 0.590  23.8s
  seed 108 [8/10] xgboost    src 0.784 -> tgt 0.578  9.9s
  seed 108 [8/10] hgb        src 0.787 -> tgt 0.588  37.6s
  seed 108 [8/10] mlp        src 0.765 -> tgt 0.558  263.2s
  seed 109 [9/10] majority   src 0.488 -> tgt 0.378  5.0s
  seed 109 [9/10] stratified src 0.500 -> tgt 0.420  4.7s
  seed 109 [9/10] logreg     src 0.677 -> tgt 0.543  7.7s
  seed 109 [9/10] tree       src 0.692 -> tgt 0.512  6.5s
  seed 109 [9/10] rf         src 0.732 -> tgt 0.540  21.9s
  seed 109 [9/10] xgboost    src 0.687 -> tgt 0.398  9.8s
  seed 109 [9/10] hgb        src 0.684 -> tgt 0.364  19.0s
  seed 109 [9/10] mlp        src 0.672 -> tgt 0.571  334.4s
  seed 110 [10/10] majority   src 0.500 -> tgt 0.378  4.0s
  seed 110 [10/10] stratified src 0.480 -> tgt 0.430  4.1s
  seed 110 [10/10] logreg     src 0.484 -> tgt 0.543  7.9s
  seed 110 [10/10] tree       src 0.404 -> tgt 0.466  6.3s
  seed 110 [10/10] rf         src 0.449 -> tgt 0.563  23.6s
  seed 110 [10/10] xgboost    src 0.446 -> tgt 0.449  9.6s
  seed 110 [10/10] hgb        src 0.433 -> tgt 0.422  19.3s
  seed 110 [10/10] mlp        src 0.496 -> tgt 0.530  369.7s

wrote E:\Work\New ORAN paper\oran-ids-deployability\results\EXP-056\a_to_b__shared  (5215s)
