[a_to_bz__shared] source d_a_network_shared (1640182, 18) attack 0.9463
[a_to_bz__shared] target d_b_5gnidd_zeek_shared (346882, 18) attack 0.7609
  seed 101 [1/10] majority   src 0.488 -> tgt 0.432  0.6s
  seed 101 [1/10] stratified src 0.499 -> tgt 0.469  0.7s
  seed 101 [1/10] logreg     src 0.642 -> tgt 0.414  1.6s
  seed 101 [1/10] tree       src 0.625 -> tgt 0.425  1.2s
  seed 101 [1/10] rf         src 0.690 -> tgt 0.423  9.3s
  seed 101 [1/10] xgboost    src 0.676 -> tgt 0.425  5.1s
  seed 101 [1/10] hgb        src 0.673 -> tgt 0.425  9.0s
  seed 101 [1/10] mlp        src 0.661 -> tgt 0.426  38.6s
  seed 102 [2/10] majority   src 0.488 -> tgt 0.432  1.0s
  seed 102 [2/10] stratified src 0.502 -> tgt 0.469  1.0s
  seed 102 [2/10] logreg     src 0.670 -> tgt 0.415  2.1s
  seed 102 [2/10] tree       src 0.504 -> tgt 0.428  1.6s
  seed 102 [2/10] rf         src 0.762 -> tgt 0.442  13.0s
  seed 102 [2/10] xgboost    src 0.705 -> tgt 0.425  7.2s
  seed 102 [2/10] hgb        src 0.683 -> tgt 0.425  6.2s
  seed 102 [2/10] mlp        src 0.702 -> tgt 0.459  57.6s
  seed 103 [3/10] majority   src 0.488 -> tgt 0.432  0.6s
  seed 103 [3/10] stratified src 0.500 -> tgt 0.466  0.7s
  seed 103 [3/10] logreg     src 0.727 -> tgt 0.420  1.6s
  seed 103 [3/10] tree       src 0.756 -> tgt 0.437  1.6s
  seed 103 [3/10] rf         src 0.829 -> tgt 0.451  17.0s
  seed 103 [3/10] xgboost    src 0.742 -> tgt 0.461  6.6s
  seed 103 [3/10] hgb        src 0.741 -> tgt 0.462  5.7s
  seed 103 [3/10] mlp        src 0.757 -> tgt 0.460  37.6s
  seed 104 [4/10] majority   src 0.497 -> tgt 0.432  0.5s
  seed 104 [4/10] stratified src 0.488 -> tgt 0.474  0.5s
  seed 104 [4/10] logreg     src 0.530 -> tgt 0.408  1.4s
  seed 104 [4/10] tree       src 0.460 -> tgt 0.358  1.1s
  seed 104 [4/10] rf         src 0.466 -> tgt 0.403  10.8s
  seed 104 [4/10] xgboost    src 0.467 -> tgt 0.440  4.4s
  seed 104 [4/10] hgb        src 0.467 -> tgt 0.455  6.6s
  seed 104 [4/10] mlp        src 0.568 -> tgt 0.459  21.4s
  seed 105 [5/10] majority   src 0.500 -> tgt 0.432  0.8s
  seed 105 [5/10] stratified src 0.481 -> tgt 0.474  0.9s
  seed 105 [5/10] logreg     src 0.495 -> tgt 0.419  2.2s
  seed 105 [5/10] tree       src 0.424 -> tgt 0.494  2.2s
  seed 105 [5/10] rf         src 0.450 -> tgt 0.439  18.9s
  seed 105 [5/10] xgboost    src 0.451 -> tgt 0.447  6.5s
  seed 105 [5/10] hgb        src 0.448 -> tgt 0.453  8.2s
  seed 105 [5/10] mlp        src 0.539 -> tgt 0.467  57.0s
  seed 106 [6/10] majority   src 0.490 -> tgt 0.432  0.7s
  seed 106 [6/10] stratified src 0.497 -> tgt 0.468  0.7s
  seed 106 [6/10] logreg     src 0.664 -> tgt 0.418  1.9s
  seed 106 [6/10] tree       src 0.648 -> tgt 0.449  1.4s
  seed 106 [6/10] rf         src 0.711 -> tgt 0.441  14.5s
  seed 106 [6/10] xgboost    src 0.667 -> tgt 0.459  7.6s
  seed 106 [6/10] hgb        src 0.687 -> tgt 0.456  9.3s
  seed 106 [6/10] mlp        src 0.695 -> tgt 0.462  151.6s
  seed 107 [7/10] majority   src 0.500 -> tgt 0.432  0.4s
  seed 107 [7/10] stratified src 0.480 -> tgt 0.474  0.5s
  seed 107 [7/10] logreg     src 0.485 -> tgt 0.418  1.6s
  seed 107 [7/10] tree       src 0.444 -> tgt 0.381  1.1s
  seed 107 [7/10] rf         src 0.449 -> tgt 0.412  9.9s
  seed 107 [7/10] xgboost    src 0.447 -> tgt 0.456  3.6s
  seed 107 [7/10] hgb        src 0.447 -> tgt 0.453  6.0s
  seed 107 [7/10] mlp        src 0.484 -> tgt 0.410  56.0s
  seed 108 [8/10] majority   src 0.490 -> tgt 0.432  0.4s
  seed 108 [8/10] stratified src 0.500 -> tgt 0.469  0.4s
  seed 108 [8/10] logreg     src 0.736 -> tgt 0.421  1.1s
  seed 108 [8/10] tree       src 0.771 -> tgt 0.459  1.1s
  seed 108 [8/10] rf         src 0.872 -> tgt 0.454  9.1s
  seed 108 [8/10] xgboost    src 0.784 -> tgt 0.460  3.3s
  seed 108 [8/10] hgb        src 0.787 -> tgt 0.457  6.5s
  seed 108 [8/10] mlp        src 0.765 -> tgt 0.428  39.4s
  seed 109 [9/10] majority   src 0.488 -> tgt 0.432  0.5s
  seed 109 [9/10] stratified src 0.500 -> tgt 0.468  0.6s
  seed 109 [9/10] logreg     src 0.677 -> tgt 0.413  1.4s
  seed 109 [9/10] tree       src 0.692 -> tgt 0.413  1.1s
  seed 109 [9/10] rf         src 0.732 -> tgt 0.422  8.4s
  seed 109 [9/10] xgboost    src 0.687 -> tgt 0.462  3.4s
  seed 109 [9/10] hgb        src 0.684 -> tgt 0.459  4.4s
  seed 109 [9/10] mlp        src 0.672 -> tgt 0.411  52.7s
  seed 110 [10/10] majority   src 0.500 -> tgt 0.432  0.6s
  seed 110 [10/10] stratified src 0.480 -> tgt 0.475  0.6s
  seed 110 [10/10] logreg     src 0.484 -> tgt 0.418  1.6s
  seed 110 [10/10] tree       src 0.404 -> tgt 0.422  1.3s
  seed 110 [10/10] rf         src 0.449 -> tgt 0.429  14.9s
  seed 110 [10/10] xgboost    src 0.446 -> tgt 0.445  5.4s
  seed 110 [10/10] hgb        src 0.433 -> tgt 0.454  7.3s
  seed 110 [10/10] mlp        src 0.496 -> tgt 0.448  75.0s

wrote E:\Work\New ORAN paper\oran-ids-deployability\results\EXP-063\a_to_bz__shared  (894s)
