sequences (2808, 16, 16), features ['dlMcs', 'dlBler', 'ulMcs', 'ulBler', 'ri', 'phr', 'pcmax', 'rsrq', 'sinr', 'rsrp', 'rssi', 'cqi', 'pucchSnr', 'puschSnr', 'dlBytes_rate', 'ulBytes_rate']
  random            seed 101: gru/11 0.954 gru/22 0.876 cnn1d/11 0.960 cnn1d/22 0.942  (57s)
  random            seed 102: gru/11 0.922 gru/22 0.897 cnn1d/11 0.939 cnn1d/22 0.961  (124s)
  random            seed 103: gru/11 0.953 gru/22 0.924 cnn1d/11 0.958 cnn1d/22 0.943  (181s)
  random            seed 104: gru/11 0.923 gru/22 0.912 cnn1d/11 0.954 cnn1d/22 0.939  (336s)
  random            seed 105: gru/11 0.952 gru/22 0.943 cnn1d/11 0.932 cnn1d/22 0.944  (433s)
  random            seed 106: gru/11 0.945 gru/22 0.932 cnn1d/11 0.956 cnn1d/22 0.954  (553s)
  random            seed 107: gru/11 0.913 gru/22 0.927 cnn1d/11 0.928 cnn1d/22 0.948  (790s)
  random            seed 108: gru/11 0.924 gru/22 0.915 cnn1d/11 0.928 cnn1d/22 0.939  (872s)
  random            seed 109: gru/11 0.916 gru/22 0.906 cnn1d/11 0.933 cnn1d/22 0.935  (946s)
  random            seed 110: gru/11 0.928 gru/22 0.911 cnn1d/11 0.940 cnn1d/22 0.947  (1100s)
  random            seed 111: gru/11 0.929 gru/22 0.893 cnn1d/11 0.950 cnn1d/22 0.941  (1194s)
  random            seed 112: gru/11 0.948 gru/22 0.909 cnn1d/11 0.947 cnn1d/22 0.931  (1292s)
  random            seed 113: gru/11 0.930 gru/22 0.943 cnn1d/11 0.945 cnn1d/22 0.939  (1381s)
  random            seed 114: gru/11 0.906 gru/22 0.908 cnn1d/11 0.959 cnn1d/22 0.953  (1464s)
  random            seed 115: gru/11 0.920 gru/22 0.921 cnn1d/11 0.934 cnn1d/22 0.950  (1558s)
  random            seed 116: gru/11 0.937 gru/22 0.934 cnn1d/11 0.945 cnn1d/22 0.950  (1726s)
  random            seed 117: gru/11 0.940 gru/22 0.887 cnn1d/11 0.953 cnn1d/22 0.930  (1825s)
  random            seed 118: gru/11 0.951 gru/22 0.945 cnn1d/11 0.952 cnn1d/22 0.952  (1925s)
  random            seed 119: gru/11 0.908 gru/22 0.918 cnn1d/11 0.942 cnn1d/22 0.934  (2011s)
  random            seed 120: gru/11 0.928 gru/22 0.907 cnn1d/11 0.935 cnn1d/22 0.942  (2124s)
  group_disjoint    seed 101: gru/11 0.884 gru/22 0.892 cnn1d/11 0.928 cnn1d/22 0.924  (2154s)
  group_disjoint    seed 102: gru/11 0.558 gru/22 0.543 cnn1d/11 0.577 cnn1d/22 0.562  (2189s)
  group_disjoint    seed 103: gru/11 0.875 gru/22 0.854 cnn1d/11 0.862 cnn1d/22 0.842  (2225s)
  group_disjoint    seed 104: gru/11 0.925 gru/22 0.893 cnn1d/11 0.907 cnn1d/22 0.911  (2257s)
  group_disjoint    seed 105: gru/11 0.704 gru/22 0.724 cnn1d/11 0.740 cnn1d/22 0.702  (2334s)
  group_disjoint    seed 106: gru/11 0.823 gru/22 0.755 cnn1d/11 0.716 cnn1d/22 0.762  (2377s)
  group_disjoint    seed 107: gru/11 0.735 gru/22 0.717 cnn1d/11 0.708 cnn1d/22 0.815  (2419s)
  group_disjoint    seed 108: gru/11 0.708 gru/22 0.770 cnn1d/11 0.776 cnn1d/22 0.738  (2505s)
  group_disjoint    seed 109: gru/11 0.850 gru/22 0.857 cnn1d/11 0.792 cnn1d/22 0.875  (2532s)
  group_disjoint    seed 110: gru/11 0.622 gru/22 0.605 cnn1d/11 0.631 cnn1d/22 0.605  (4929s)
  group_disjoint    seed 111: gru/11 0.778 gru/22 0.798 cnn1d/11 0.771 cnn1d/22 0.832  (4986s)
  group_disjoint    seed 112: gru/11 0.736 gru/22 0.770 cnn1d/11 0.760 cnn1d/22 0.809  (5026s)
  group_disjoint    seed 113: gru/11 0.790 gru/22 0.851 cnn1d/11 0.776 cnn1d/22 0.766  (5078s)
  group_disjoint    seed 114: gru/11 0.526 gru/22 0.534 cnn1d/11 0.494 cnn1d/22 0.485  (5178s)
  group_disjoint    seed 115: gru/11 0.861 gru/22 0.861 cnn1d/11 0.866 cnn1d/22 0.863  (5230s)
  group_disjoint    seed 116: gru/11 0.839 gru/22 0.845 cnn1d/11 0.760 cnn1d/22 0.766  (5351s)
  group_disjoint    seed 117: gru/11 0.705 gru/22 0.660 cnn1d/11 0.706 cnn1d/22 0.707  (5407s)
  group_disjoint    seed 118: gru/11 0.852 gru/22 0.852 cnn1d/11 0.831 cnn1d/22 0.831  (5455s)
  group_disjoint    seed 119: gru/11 0.790 gru/22 0.760 cnn1d/11 0.789 cnn1d/22 0.801  (5527s)
  group_disjoint    seed 120: gru/11 0.654 gru/22 0.597 cnn1d/11 0.638 cnn1d/22 0.584  (5585s)
  stratified_group  seed 101: gru/11 0.870 gru/22 0.858 cnn1d/11 0.854 cnn1d/22 0.814  (5664s)
  stratified_group  seed 102: gru/11 0.662 gru/22 0.628 cnn1d/11 0.648 cnn1d/22 0.619  (5731s)
  stratified_group  seed 103: gru/11 0.486 gru/22 0.497 cnn1d/11 0.491 cnn1d/22 0.481  (5856s)
  stratified_group  seed 104: gru/11 0.839 gru/22 0.868 cnn1d/11 0.854 cnn1d/22 0.847  (5925s)
  stratified_group  seed 105: gru/11 0.811 gru/22 0.839 cnn1d/11 0.822 cnn1d/22 0.825  (5983s)
  stratified_group  seed 106: gru/11 0.938 gru/22 0.926 cnn1d/11 0.843 cnn1d/22 0.905  (6111s)
  stratified_group  seed 107: gru/11 0.914 gru/22 0.905 cnn1d/11 0.922 cnn1d/22 0.873  (6162s)
  stratified_group  seed 108: gru/11 0.920 gru/22 0.948 cnn1d/11 0.894 cnn1d/22 0.863  (6228s)
  stratified_group  seed 109: gru/11 0.852 gru/22 0.820 cnn1d/11 0.883 cnn1d/22 0.881  (6314s)
  stratified_group  seed 110: gru/11 0.873 gru/22 0.819 cnn1d/11 0.831 cnn1d/22 0.870  (6411s)
  stratified_group  seed 111: gru/11 0.658 gru/22 0.600 cnn1d/11 0.597 cnn1d/22 0.608  (6443s)
  stratified_group  seed 112: gru/11 0.909 gru/22 0.866 cnn1d/11 0.915 cnn1d/22 0.869  (6495s)
  stratified_group  seed 113: gru/11 0.746 gru/22 0.719 cnn1d/11 0.726 cnn1d/22 0.737  (6527s)
  stratified_group  seed 114: gru/11 0.614 gru/22 0.628 cnn1d/11 0.629 cnn1d/22 0.653  (6542s)
  stratified_group  seed 115: gru/11 0.692 gru/22 0.745 cnn1d/11 0.751 cnn1d/22 0.752  (6615s)
  stratified_group  seed 116: gru/11 0.591 gru/22 0.795 cnn1d/11 0.717 cnn1d/22 0.740  (6675s)
  stratified_group  seed 117: gru/11 0.710 gru/22 0.605 cnn1d/11 0.681 cnn1d/22 0.708  (6717s)
  stratified_group  seed 118: gru/11 0.757 gru/22 0.787 cnn1d/11 0.749 cnn1d/22 0.739  (6777s)
  stratified_group  seed 119: gru/11 0.693 gru/22 0.779 cnn1d/11 0.686 cnn1d/22 0.749  (6821s)
  stratified_group  seed 120: gru/11 0.813 gru/22 0.760 cnn1d/11 0.764 cnn1d/22 0.728  (6876s)

wrote E:\Work\New ORAN paper\oran-ids-deployability\results\EXP-050  (6876s)
EXIT 0
