[a_to_b__transferable__source_only] source d_a_network (1640182, 46) attack 0.9463
  seed 101 [1/20] majority   src 0.488  0.1s
  seed 101 [1/20] stratified src 0.499  0.1s
  seed 101 [1/20] logreg     src 0.740  1.2s
  seed 101 [1/20] tree       src 0.678  0.4s
  seed 101 [1/20] rf         src 0.689  3.5s
  seed 101 [1/20] xgboost    src 0.678  3.2s
  seed 101 [1/20] hgb        src 0.681  6.3s
  seed 101 [1/20] mlp        src 0.680  86.4s
  seed 102 [2/20] majority   src 0.488  0.1s
  seed 102 [2/20] stratified src 0.502  0.1s
  seed 102 [2/20] logreg     src 0.696  1.3s
  seed 102 [2/20] tree       src 0.737  0.5s
  seed 102 [2/20] rf         src 0.705  5.9s
  seed 102 [2/20] xgboost    src 0.696  6.1s
  seed 102 [2/20] hgb        src 0.694  6.5s
  seed 102 [2/20] mlp        src 0.680  98.2s
  seed 103 [3/20] majority   src 0.488  0.1s
  seed 103 [3/20] stratified src 0.500  0.1s
  seed 103 [3/20] logreg     src 0.706  2.0s
  seed 103 [3/20] tree       src 0.785  1.5s
  seed 103 [3/20] rf         src 0.836  11.1s
  seed 103 [3/20] xgboost    src 0.766  5.8s
  seed 103 [3/20] hgb        src 0.782  11.6s
  seed 103 [3/20] mlp        src 0.718  118.8s
  seed 104 [4/20] majority   src 0.497  0.2s
  seed 104 [4/20] stratified src 0.488  0.3s
  seed 104 [4/20] logreg     src 0.640  2.9s
  seed 104 [4/20] tree       src 0.459  1.2s
  seed 104 [4/20] rf         src 0.515  17.2s
  seed 104 [4/20] xgboost    src 0.476  14.8s
  seed 104 [4/20] hgb        src 0.476  49.6s
  seed 104 [4/20] mlp        src 0.599  516.7s
  seed 105 [5/20] majority   src 0.500  0.3s
  seed 105 [5/20] stratified src 0.481  0.3s
  seed 105 [5/20] logreg     src 0.665  4.5s
  seed 105 [5/20] tree       src 0.488  2.7s
  seed 105 [5/20] rf         src 0.566  21.1s
  seed 105 [5/20] xgboost    src 0.576  15.0s
  seed 105 [5/20] hgb        src 0.575  61.4s
  seed 105 [5/20] mlp        src 0.677  169.4s
  seed 106 [6/20] majority   src 0.490  0.3s
  seed 106 [6/20] stratified src 0.497  0.4s
  seed 106 [6/20] logreg     src 0.731  6.3s
  seed 106 [6/20] tree       src 0.718  3.6s
  seed 106 [6/20] rf         src 0.724  22.8s
  seed 106 [6/20] xgboost    src 0.728  35.6s
  seed 106 [6/20] hgb        src 0.722  25.7s
  seed 106 [6/20] mlp        src 0.708  237.0s
  seed 107 [7/20] majority   src 0.500  0.1s
  seed 107 [7/20] stratified src 0.480  0.2s
  seed 107 [7/20] logreg     src 0.608  2.7s
  seed 107 [7/20] tree       src 0.442  1.6s
  seed 107 [7/20] rf         src 0.579  11.5s
  seed 107 [7/20] xgboost    src 0.510  6.5s
  seed 107 [7/20] hgb        src 0.506  14.6s
  seed 107 [7/20] mlp        src 0.580  684.7s
  seed 108 [8/20] majority   src 0.490  0.2s
  seed 108 [8/20] stratified src 0.500  0.3s
  seed 108 [8/20] logreg     src 0.834  4.5s
  seed 108 [8/20] tree       src 0.777  1.6s
  seed 108 [8/20] rf         src 0.866  20.9s
  seed 108 [8/20] xgboost    src 0.781  16.3s
  seed 108 [8/20] hgb        src 0.780  21.1s
  seed 108 [8/20] mlp        src 0.773  259.8s
  seed 109 [9/20] majority   src 0.488  0.1s
  seed 109 [9/20] stratified src 0.500  0.1s
  seed 109 [9/20] logreg     src 0.749  2.6s
  seed 109 [9/20] tree       src 0.676  2.0s
  seed 109 [9/20] rf         src 0.732  10.5s
  seed 109 [9/20] xgboost    src 0.687  5.0s
  seed 109 [9/20] hgb        src 0.681  26.8s
  seed 109 [9/20] mlp        src 0.682  119.8s
  seed 110 [10/20] majority   src 0.500  0.1s
  seed 110 [10/20] stratified src 0.480  0.1s
  seed 110 [10/20] logreg     src 0.585  2.5s
  seed 110 [10/20] tree       src 0.499  1.4s
  seed 110 [10/20] rf         src 0.537  14.2s
  seed 110 [10/20] xgboost    src 0.500  11.3s
  seed 110 [10/20] hgb        src 0.498  15.7s
  seed 110 [10/20] mlp        src 0.571  504.7s
  seed 111 [11/20] majority   src 0.490  0.3s
  seed 111 [11/20] stratified src 0.500  0.3s
  seed 111 [11/20] logreg     src 0.833  3.4s
  seed 111 [11/20] tree       src 0.781  1.2s
  seed 111 [11/20] rf         src 0.880  12.7s
  seed 111 [11/20] xgboost    src 0.786  7.4s
  seed 111 [11/20] hgb        src 0.786  13.4s
  seed 111 [11/20] mlp        src 0.831  234.1s
  seed 112 [12/20] majority   src 0.488  0.2s
  seed 112 [12/20] stratified src 0.502  0.2s
  seed 112 [12/20] logreg     src 0.702  2.0s
  seed 112 [12/20] tree       src 0.706  1.0s
  seed 112 [12/20] rf         src 0.729  10.0s
  seed 112 [12/20] xgboost    src 0.691  6.4s
  seed 112 [12/20] hgb        src 0.683  29.0s
  seed 112 [12/20] mlp        src 0.709  57.9s
  seed 113 [13/20] majority   src 0.499  0.2s
  seed 113 [13/20] stratified src 0.482  0.3s
  seed 113 [13/20] logreg     src 0.712  3.5s
  seed 113 [13/20] tree       src 0.433  2.5s
  seed 113 [13/20] rf         src 0.621  16.3s
  seed 113 [13/20] xgboost    src 0.569  7.9s
  seed 113 [13/20] hgb        src 0.594  16.5s
  seed 113 [13/20] mlp        src 0.710  303.2s
  seed 114 [14/20] majority   src 0.490  0.2s
  seed 114 [14/20] stratified src 0.498  0.2s
  seed 114 [14/20] logreg     src 0.838  4.6s
  seed 114 [14/20] tree       src 0.769  2.7s
  seed 114 [14/20] rf         src 0.878  17.8s
  seed 114 [14/20] xgboost    src 0.781  13.6s
  seed 114 [14/20] hgb        src 0.781  15.5s
  seed 114 [14/20] mlp        src 0.844  103.4s
  seed 115 [15/20] majority   src 0.490  0.3s
  seed 115 [15/20] stratified src 0.499  0.3s
  seed 115 [15/20] logreg     src 0.841  4.9s
  seed 115 [15/20] tree       src 0.775  2.5s
  seed 115 [15/20] rf         src 0.863  18.0s
  seed 115 [15/20] xgboost    src 0.781  9.1s
  seed 115 [15/20] hgb        src 0.781  28.4s
  seed 115 [15/20] mlp        src 0.775  441.5s
  seed 116 [16/20] majority   src 0.500  0.1s
  seed 116 [16/20] stratified src 0.480  0.1s
  seed 116 [16/20] logreg     src 0.599  2.5s
  seed 116 [16/20] tree       src 0.444  1.3s
  seed 116 [16/20] rf         src 0.500  14.3s
  seed 116 [16/20] xgboost    src 0.503  10.8s
  seed 116 [16/20] hgb        src 0.504  20.1s
  seed 116 [16/20] mlp        src 0.598  707.4s
  seed 117 [17/20] majority   src 0.490  0.1s
  seed 117 [17/20] stratified src 0.500  0.2s
  seed 117 [17/20] logreg     src 0.823  2.7s
  seed 117 [17/20] tree       src 0.772  1.3s
  seed 117 [17/20] rf         src 0.854  14.0s
  seed 117 [17/20] xgboost    src 0.772  9.9s
  seed 117 [17/20] hgb        src 0.772  16.5s
  seed 117 [17/20] mlp        src 0.833  198.2s
  seed 118 [18/20] majority   src 0.489  0.1s
  seed 118 [18/20] stratified src 0.499  0.1s
  seed 118 [18/20] logreg     src 0.701  2.8s
  seed 118 [18/20] tree       src 0.802  1.9s
  seed 118 [18/20] rf         src 0.853  12.8s
  seed 118 [18/20] xgboost    src 0.776  6.8s
  seed 118 [18/20] hgb        src 0.795  9.7s
  seed 118 [18/20] mlp        src 0.718  104.5s
  seed 119 [19/20] majority   src 0.491  0.2s
  seed 119 [19/20] stratified src 0.498  0.2s
  seed 119 [19/20] logreg     src 0.692  2.1s
  seed 119 [19/20] tree       src 0.699  0.6s
  seed 119 [19/20] rf         src 0.750  5.9s
  seed 119 [19/20] xgboost    src 0.678  3.5s
  seed 119 [19/20] hgb        src 0.675  6.2s
  seed 119 [19/20] mlp        src 0.700  51.6s
  seed 120 [20/20] majority   src 0.488  0.1s
  seed 120 [20/20] stratified src 0.500  0.1s
  seed 120 [20/20] logreg     src 0.811  2.0s
  seed 120 [20/20] tree       src 0.825  0.7s
  seed 120 [20/20] rf         src 0.845  8.1s
  seed 120 [20/20] xgboost    src 0.807  4.9s
  seed 120 [20/20] hgb        src 0.838  5.8s
  seed 120 [20/20] mlp        src 0.765  255.7s

wrote E:\Work\New ORAN paper\oran-ids-deployability\results\EXP-047\a_to_b__transferable__source_only  (6275s)
EXIT 0
