[a_to_b__shared] source d_a_network_shared (1640182, 18) attack 0.9463
[a_to_b__shared] target d_b_5gnidd_shared (1215889, 18) attack 0.6071
  seed 101 [1/20] majority   src 0.488 -> tgt 0.378  0.8s
  seed 101 [1/20] stratified src 0.499 -> tgt 0.422  0.9s
  seed 101 [1/20] logreg     src 0.642 -> tgt 0.464  2.2s
  seed 101 [1/20] tree       src 0.625 -> tgt 0.581  1.8s
  seed 101 [1/20] rf         src 0.690 -> tgt 0.565  6.3s
  seed 101 [1/20] xgboost    src 0.676 -> tgt 0.569  8.1s
  seed 101 [1/20] hgb        src 0.673 -> tgt 0.546  9.0s
  seed 101 [1/20] mlp        src 0.661 -> tgt 0.582  62.1s
  seed 102 [2/20] majority   src 0.488 -> tgt 0.378  1.3s
  seed 102 [2/20] stratified src 0.502 -> tgt 0.422  1.8s
  seed 102 [2/20] logreg     src 0.670 -> tgt 0.447  3.5s
  seed 102 [2/20] tree       src 0.504 -> tgt 0.543  2.7s
  seed 102 [2/20] rf         src 0.762 -> tgt 0.583  10.9s
  seed 102 [2/20] xgboost    src 0.705 -> tgt 0.571  5.6s
  seed 102 [2/20] hgb        src 0.683 -> tgt 0.554  10.7s
  seed 102 [2/20] mlp        src 0.702 -> tgt 0.568  181.7s
  seed 103 [3/20] majority   src 0.488 -> tgt 0.378  2.2s
  seed 103 [3/20] stratified src 0.500 -> tgt 0.418  3.3s
  seed 103 [3/20] logreg     src 0.727 -> tgt 0.524  4.7s
  seed 103 [3/20] tree       src 0.756 -> tgt 0.557  4.9s
  seed 103 [3/20] rf         src 0.829 -> tgt 0.576  17.9s
  seed 103 [3/20] xgboost    src 0.742 -> tgt 0.582  10.0s
  seed 103 [3/20] hgb        src 0.741 -> tgt 0.582  16.1s
  seed 103 [3/20] mlp        src 0.757 -> tgt 0.588  232.2s
  seed 104 [4/20] majority   src 0.497 -> tgt 0.378  4.4s
  seed 104 [4/20] stratified src 0.488 -> tgt 0.429  4.9s
  seed 104 [4/20] logreg     src 0.530 -> tgt 0.541  10.9s
  seed 104 [4/20] tree       src 0.460 -> tgt 0.507  20.1s
  seed 104 [4/20] rf         src 0.466 -> tgt 0.504  32.8s
  seed 104 [4/20] xgboost    src 0.467 -> tgt 0.301  21.3s
  seed 104 [4/20] hgb        src 0.467 -> tgt 0.311  84.4s
  seed 104 [4/20] mlp        src 0.568 -> tgt 0.308  99.3s
  seed 105 [5/20] majority   src 0.500 -> tgt 0.378  4.5s
  seed 105 [5/20] stratified src 0.481 -> tgt 0.430  5.2s
  seed 105 [5/20] logreg     src 0.495 -> tgt 0.539  9.0s
  seed 105 [5/20] tree       src 0.424 -> tgt 0.561  8.4s
  seed 105 [5/20] rf         src 0.450 -> tgt 0.576  31.6s
  seed 105 [5/20] xgboost    src 0.451 -> tgt 0.552  21.5s
  seed 105 [5/20] hgb        src 0.448 -> tgt 0.559  41.7s
  seed 105 [5/20] mlp        src 0.539 -> tgt 0.523  341.1s
  seed 106 [6/20] majority   src 0.490 -> tgt 0.378  3.5s
  seed 106 [6/20] stratified src 0.497 -> tgt 0.421  4.6s
  seed 106 [6/20] logreg     src 0.664 -> tgt 0.543  8.6s
  seed 106 [6/20] tree       src 0.648 -> tgt 0.503  7.4s
  seed 106 [6/20] rf         src 0.711 -> tgt 0.581  26.3s
  seed 106 [6/20] xgboost    src 0.667 -> tgt 0.588  10.4s
  seed 106 [6/20] hgb        src 0.687 -> tgt 0.580  17.6s
  seed 106 [6/20] mlp        src 0.695 -> tgt 0.590  865.6s
  seed 107 [7/20] majority   src 0.500 -> tgt 0.378  3.9s
  seed 107 [7/20] stratified src 0.480 -> tgt 0.430  4.2s
  seed 107 [7/20] logreg     src 0.485 -> tgt 0.543  8.1s
  seed 107 [7/20] tree       src 0.444 -> tgt 0.548  7.4s
  seed 107 [7/20] rf         src 0.449 -> tgt 0.583  31.7s
  seed 107 [7/20] xgboost    src 0.447 -> tgt 0.513  12.2s
  seed 107 [7/20] hgb        src 0.447 -> tgt 0.556  24.3s
  seed 107 [7/20] mlp        src 0.484 -> tgt 0.497  222.2s
  seed 108 [8/20] majority   src 0.490 -> tgt 0.378  1.3s
  seed 108 [8/20] stratified src 0.500 -> tgt 0.422  1.5s
  seed 108 [8/20] logreg     src 0.736 -> tgt 0.542  3.1s
  seed 108 [8/20] tree       src 0.771 -> tgt 0.587  2.7s
  seed 108 [8/20] rf         src 0.872 -> tgt 0.590  15.6s
  seed 108 [8/20] xgboost    src 0.784 -> tgt 0.578  8.9s
  seed 108 [8/20] hgb        src 0.787 -> tgt 0.588  34.0s
  seed 108 [8/20] mlp        src 0.765 -> tgt 0.558  163.4s
  seed 109 [9/20] majority   src 0.488 -> tgt 0.378  4.1s
  seed 109 [9/20] stratified src 0.500 -> tgt 0.420  2.4s
  seed 109 [9/20] logreg     src 0.677 -> tgt 0.543  4.9s
  seed 109 [9/20] tree       src 0.692 -> tgt 0.512  3.8s
  seed 109 [9/20] rf         src 0.732 -> tgt 0.540  23.5s
  seed 109 [9/20] xgboost    src 0.687 -> tgt 0.398  14.2s
  seed 109 [9/20] hgb        src 0.684 -> tgt 0.364  17.7s
  seed 109 [9/20] mlp        src 0.672 -> tgt 0.571  253.4s
  seed 110 [10/20] majority   src 0.500 -> tgt 0.378  2.0s
  seed 110 [10/20] stratified src 0.480 -> tgt 0.430  2.5s
  seed 110 [10/20] logreg     src 0.484 -> tgt 0.543  5.3s
  seed 110 [10/20] tree       src 0.404 -> tgt 0.466  3.6s
  seed 110 [10/20] rf         src 0.449 -> tgt 0.563  24.0s
  seed 110 [10/20] xgboost    src 0.446 -> tgt 0.449  11.1s
  seed 110 [10/20] hgb        src 0.433 -> tgt 0.422  21.2s
  seed 110 [10/20] mlp        src 0.496 -> tgt 0.530  318.0s
  seed 111 [11/20] majority   src 0.490 -> tgt 0.378  1.9s
  seed 111 [11/20] stratified src 0.500 -> tgt 0.422  2.3s
  seed 111 [11/20] logreg     src 0.735 -> tgt 0.543  4.7s
  seed 111 [11/20] tree       src 0.791 -> tgt 0.491  3.9s
  seed 111 [11/20] rf         src 0.881 -> tgt 0.576  23.4s
  seed 111 [11/20] xgboost    src 0.791 -> tgt 0.490  10.7s
  seed 111 [11/20] hgb        src 0.787 -> tgt 0.556  22.8s
  seed 111 [11/20] mlp        src 0.772 -> tgt 0.619  251.8s
  seed 112 [12/20] majority   src 0.488 -> tgt 0.378  4.3s
  seed 112 [12/20] stratified src 0.502 -> tgt 0.422  4.4s
  seed 112 [12/20] logreg     src 0.513 -> tgt 0.486  7.6s
  seed 112 [12/20] tree       src 0.732 -> tgt 0.581  5.9s
  seed 112 [12/20] rf         src 0.769 -> tgt 0.577  17.6s
  seed 112 [12/20] xgboost    src 0.663 -> tgt 0.617  9.6s
  seed 112 [12/20] hgb        src 0.692 -> tgt 0.571  20.4s
  seed 112 [12/20] mlp        src 0.673 -> tgt 0.454  84.3s
  seed 113 [13/20] majority   src 0.499 -> tgt 0.378  1.8s
  seed 113 [13/20] stratified src 0.482 -> tgt 0.430  2.1s
  seed 113 [13/20] logreg     src 0.514 -> tgt 0.542  4.9s
  seed 113 [13/20] tree       src 0.450 -> tgt 0.558  3.8s
  seed 113 [13/20] rf         src 0.457 -> tgt 0.540  27.1s
  seed 113 [13/20] xgboost    src 0.452 -> tgt 0.552  13.5s
  seed 113 [13/20] hgb        src 0.451 -> tgt 0.552  40.4s
  seed 113 [13/20] mlp        src 0.548 -> tgt 0.482  132.4s
  seed 114 [14/20] majority   src 0.490 -> tgt 0.378  5.7s
  seed 114 [14/20] stratified src 0.498 -> tgt 0.423  5.6s
  seed 114 [14/20] logreg     src 0.735 -> tgt 0.542  10.1s
  seed 114 [14/20] tree       src 0.770 -> tgt 0.434  8.7s
  seed 114 [14/20] rf         src 0.881 -> tgt 0.588  26.1s
  seed 114 [14/20] xgboost    src 0.784 -> tgt 0.580  10.5s
  seed 114 [14/20] hgb        src 0.778 -> tgt 0.585  18.2s
  seed 114 [14/20] mlp        src 0.757 -> tgt 0.438  182.5s
  seed 115 [15/20] majority   src 0.490 -> tgt 0.378  1.9s
  seed 115 [15/20] stratified src 0.499 -> tgt 0.422  2.1s
  seed 115 [15/20] logreg     src 0.733 -> tgt 0.543  4.5s
  seed 115 [15/20] tree       src 0.771 -> tgt 0.548  5.4s
  seed 115 [15/20] rf         src 0.872 -> tgt 0.597  23.7s
  seed 115 [15/20] xgboost    src 0.782 -> tgt 0.578  10.9s
  seed 115 [15/20] hgb        src 0.779 -> tgt 0.582  34.4s
  seed 115 [15/20] mlp        src 0.768 -> tgt 0.459  312.2s
  seed 116 [16/20] majority   src 0.500 -> tgt 0.378  2.0s
  seed 116 [16/20] stratified src 0.480 -> tgt 0.430  2.3s
  seed 116 [16/20] logreg     src 0.484 -> tgt 0.540  5.3s
  seed 116 [16/20] tree       src 0.444 -> tgt 0.417  7.5s
  seed 116 [16/20] rf         src 0.446 -> tgt 0.581  26.1s
  seed 116 [16/20] xgboost    src 0.447 -> tgt 0.529  13.1s
  seed 116 [16/20] hgb        src 0.447 -> tgt 0.530  48.3s
  seed 116 [16/20] mlp        src 0.450 -> tgt 0.519  614.1s
  seed 117 [17/20] majority   src 0.490 -> tgt 0.378  1.8s
  seed 117 [17/20] stratified src 0.500 -> tgt 0.421  2.1s
  seed 117 [17/20] logreg     src 0.737 -> tgt 0.542  4.4s
  seed 117 [17/20] tree       src 0.773 -> tgt 0.446  3.8s
  seed 117 [17/20] rf         src 0.863 -> tgt 0.578  27.2s
  seed 117 [17/20] xgboost    src 0.778 -> tgt 0.545  10.1s
  seed 117 [17/20] hgb        src 0.774 -> tgt 0.582  20.9s
  seed 117 [17/20] mlp        src 0.753 -> tgt 0.586  142.6s
  seed 118 [18/20] majority   src 0.489 -> tgt 0.378  1.1s
  seed 118 [18/20] stratified src 0.499 -> tgt 0.419  1.4s
  seed 118 [18/20] logreg     src 0.728 -> tgt 0.543  3.0s
  seed 118 [18/20] tree       src 0.756 -> tgt 0.537  2.4s
  seed 118 [18/20] rf         src 0.846 -> tgt 0.601  13.6s
  seed 118 [18/20] xgboost    src 0.741 -> tgt 0.574  6.3s
  seed 118 [18/20] hgb        src 0.764 -> tgt 0.586  10.8s
  seed 118 [18/20] mlp        src 0.756 -> tgt 0.577  96.1s
  seed 119 [19/20] majority   src 0.491 -> tgt 0.378  1.2s
  seed 119 [19/20] stratified src 0.498 -> tgt 0.428  1.4s
  seed 119 [19/20] logreg     src 0.496 -> tgt 0.543  2.6s
  seed 119 [19/20] tree       src 0.538 -> tgt 0.480  2.1s
  seed 119 [19/20] rf         src 0.769 -> tgt 0.566  10.7s
  seed 119 [19/20] xgboost    src 0.662 -> tgt 0.549  5.5s
  seed 119 [19/20] hgb        src 0.676 -> tgt 0.566  11.1s
  seed 119 [19/20] mlp        src 0.538 -> tgt 0.597  238.5s
  seed 120 [20/20] majority   src 0.488 -> tgt 0.378  1.3s
  seed 120 [20/20] stratified src 0.500 -> tgt 0.418  1.5s
  seed 120 [20/20] logreg     src 0.731 -> tgt 0.541  3.4s
  seed 120 [20/20] tree       src 0.635 -> tgt 0.505  2.6s
  seed 120 [20/20] rf         src 0.822 -> tgt 0.568  19.6s
  seed 120 [20/20] xgboost    src 0.750 -> tgt 0.535  8.6s
  seed 120 [20/20] hgb        src 0.750 -> tgt 0.561  16.1s
  seed 120 [20/20] mlp        src 0.746 -> tgt 0.572  102.9s

wrote E:\Work\New ORAN paper\oran-ids-deployability\results\EXP-041\a_to_b__shared  (6462s)
EXIT 0
