[b_to_a__shared] source d_b_5gnidd_shared (1215889, 18) attack 0.6071
[b_to_a__shared] target d_a_network_shared (1640182, 18) attack 0.9463
  seed 101 [1/20] majority   src 0.379 -> tgt 0.486  1.3s
  seed 101 [1/20] stratified src 0.502 -> tgt 0.417  1.4s
  seed 101 [1/20] logreg     src 0.706 -> tgt 0.560  5.6s
  seed 101 [1/20] tree       src 0.751 -> tgt 0.358  2.3s
  seed 101 [1/20] rf         src 0.731 -> tgt 0.344  10.9s
  seed 101 [1/20] xgboost    src 0.752 -> tgt 0.459  5.6s
  seed 101 [1/20] hgb        src 0.752 -> tgt 0.400  13.4s
  seed 101 [1/20] mlp        src 0.751 -> tgt 0.373  421.5s
  seed 102 [2/20] majority   src 0.377 -> tgt 0.486  6.0s
  seed 102 [2/20] stratified src 0.503 -> tgt 0.417  7.2s
  seed 102 [2/20] logreg     src 0.710 -> tgt 0.561  19.9s
  seed 102 [2/20] tree       src 0.754 -> tgt 0.515  9.3s
  seed 102 [2/20] rf         src 0.731 -> tgt 0.328  44.9s
  seed 102 [2/20] xgboost    src 0.755 -> tgt 0.511  25.0s
  seed 102 [2/20] hgb        src 0.755 -> tgt 0.519  121.8s
  seed 102 [2/20] mlp        src 0.754 -> tgt 0.491  382.4s
  seed 103 [3/20] majority   src 0.378 -> tgt 0.486  5.8s
  seed 103 [3/20] stratified src 0.501 -> tgt 0.418  7.2s
  seed 103 [3/20] logreg     src 0.710 -> tgt 0.562  18.1s
  seed 103 [3/20] tree       src 0.752 -> tgt 0.346  9.3s
  seed 103 [3/20] rf         src 0.732 -> tgt 0.315  42.2s
  seed 103 [3/20] xgboost    src 0.753 -> tgt 0.506  21.1s
  seed 103 [3/20] hgb        src 0.753 -> tgt 0.413  62.7s
  seed 103 [3/20] mlp        src 0.752 -> tgt 0.491  442.1s
  seed 104 [4/20] majority   src 0.379 -> tgt 0.486  6.1s
  seed 104 [4/20] stratified src 0.503 -> tgt 0.417  5.7s
  seed 104 [4/20] logreg     src 0.709 -> tgt 0.564  16.8s
  seed 104 [4/20] tree       src 0.753 -> tgt 0.499  7.7s
  seed 104 [4/20] rf         src 0.732 -> tgt 0.405  42.5s
  seed 104 [4/20] xgboost    src 0.754 -> tgt 0.521  21.9s
  seed 104 [4/20] hgb        src 0.754 -> tgt 0.460  46.0s
  seed 104 [4/20] mlp        src 0.753 -> tgt 0.515  259.0s
  seed 105 [5/20] majority   src 0.377 -> tgt 0.486  6.1s
  seed 105 [5/20] stratified src 0.504 -> tgt 0.417  7.0s
  seed 105 [5/20] logreg     src 0.710 -> tgt 0.560  18.0s
  seed 105 [5/20] tree       src 0.755 -> tgt 0.308  10.4s
  seed 105 [5/20] rf         src 0.732 -> tgt 0.332  43.1s
  seed 105 [5/20] xgboost    src 0.755 -> tgt 0.512  18.8s
  seed 105 [5/20] hgb        src 0.755 -> tgt 0.521  68.0s
  seed 105 [5/20] mlp        src 0.754 -> tgt 0.524  207.9s
  seed 106 [6/20] majority   src 0.376 -> tgt 0.486  1.9s
  seed 106 [6/20] stratified src 0.501 -> tgt 0.416  2.5s
  seed 106 [6/20] logreg     src 0.708 -> tgt 0.561  7.9s
  seed 106 [6/20] tree       src 0.752 -> tgt 0.215  3.5s
  seed 106 [6/20] rf         src 0.729 -> tgt 0.308  24.5s
  seed 106 [6/20] xgboost    src 0.753 -> tgt 0.458  9.1s
  seed 106 [6/20] hgb        src 0.753 -> tgt 0.493  22.1s
  seed 106 [6/20] mlp        src 0.751 -> tgt 0.355  87.9s
  seed 107 [7/20] majority   src 0.377 -> tgt 0.486  4.3s
  seed 107 [7/20] stratified src 0.502 -> tgt 0.417  2.8s
  seed 107 [7/20] logreg     src 0.707 -> tgt 0.558  11.9s
  seed 107 [7/20] tree       src 0.751 -> tgt 0.378  6.7s
  seed 107 [7/20] rf         src 0.728 -> tgt 0.361  26.6s
  seed 107 [7/20] xgboost    src 0.751 -> tgt 0.520  9.2s
  seed 107 [7/20] hgb        src 0.751 -> tgt 0.531  16.9s
  seed 107 [7/20] mlp        src 0.751 -> tgt 0.524  198.7s
  seed 108 [8/20] majority   src 0.378 -> tgt 0.486  4.8s
  seed 108 [8/20] stratified src 0.502 -> tgt 0.417  4.0s
  seed 108 [8/20] logreg     src 0.708 -> tgt 0.568  11.2s
  seed 108 [8/20] tree       src 0.752 -> tgt 0.345  4.8s
  seed 108 [8/20] rf         src 0.729 -> tgt 0.353  34.4s
  seed 108 [8/20] xgboost    src 0.753 -> tgt 0.516  19.8s
  seed 108 [8/20] hgb        src 0.753 -> tgt 0.508  37.3s
  seed 108 [8/20] mlp        src 0.752 -> tgt 0.516  435.1s
  seed 109 [9/20] majority   src 0.376 -> tgt 0.486  2.7s
  seed 109 [9/20] stratified src 0.500 -> tgt 0.418  3.0s
  seed 109 [9/20] logreg     src 0.706 -> tgt 0.564  9.2s
  seed 109 [9/20] tree       src 0.752 -> tgt 0.481  4.6s
  seed 109 [9/20] rf         src 0.729 -> tgt 0.301  33.4s
  seed 109 [9/20] xgboost    src 0.753 -> tgt 0.470  14.3s
  seed 109 [9/20] hgb        src 0.753 -> tgt 0.478  25.7s
  seed 109 [9/20] mlp        src 0.752 -> tgt 0.487  261.7s
  seed 110 [10/20] majority   src 0.378 -> tgt 0.486  2.6s
  seed 110 [10/20] stratified src 0.503 -> tgt 0.417  3.0s
  seed 110 [10/20] logreg     src 0.710 -> tgt 0.567  9.5s
  seed 110 [10/20] tree       src 0.753 -> tgt 0.339  4.6s
  seed 110 [10/20] rf         src 0.730 -> tgt 0.452  33.0s
  seed 110 [10/20] xgboost    src 0.753 -> tgt 0.516  15.6s
  seed 110 [10/20] hgb        src 0.753 -> tgt 0.540  30.0s
  seed 110 [10/20] mlp        src 0.753 -> tgt 0.368  270.8s
  seed 111 [11/20] majority   src 0.377 -> tgt 0.486  3.0s
  seed 111 [11/20] stratified src 0.503 -> tgt 0.417  3.4s
  seed 111 [11/20] logreg     src 0.706 -> tgt 0.567  9.6s
  seed 111 [11/20] tree       src 0.750 -> tgt 0.534  4.5s
  seed 111 [11/20] rf         src 0.728 -> tgt 0.324  33.5s
  seed 111 [11/20] xgboost    src 0.751 -> tgt 0.505  14.2s
  seed 111 [11/20] hgb        src 0.751 -> tgt 0.500  38.3s
  seed 111 [11/20] mlp        src 0.750 -> tgt 0.378  267.9s
  seed 112 [12/20] majority   src 0.377 -> tgt 0.486  5.9s
  seed 112 [12/20] stratified src 0.503 -> tgt 0.417  6.4s
  seed 112 [12/20] logreg     src 0.708 -> tgt 0.561  16.6s
  seed 112 [12/20] tree       src 0.751 -> tgt 0.250  6.0s
  seed 112 [12/20] rf         src 0.728 -> tgt 0.337  37.6s
  seed 112 [12/20] xgboost    src 0.751 -> tgt 0.505  13.3s
  seed 112 [12/20] hgb        src 0.751 -> tgt 0.516  28.6s
  seed 112 [12/20] mlp        src 0.750 -> tgt 0.521  290.6s
  seed 113 [13/20] majority   src 0.378 -> tgt 0.486  6.1s
  seed 113 [13/20] stratified src 0.502 -> tgt 0.417  8.2s
  seed 113 [13/20] logreg     src 0.707 -> tgt 0.557  16.0s
  seed 113 [13/20] tree       src 0.753 -> tgt 0.298  9.2s
  seed 113 [13/20] rf         src 0.729 -> tgt 0.323  39.5s
  seed 113 [13/20] xgboost    src 0.753 -> tgt 0.503  14.0s
  seed 113 [13/20] hgb        src 0.753 -> tgt 0.508  26.3s
  seed 113 [13/20] mlp        src 0.752 -> tgt 0.512  259.2s
  seed 114 [14/20] majority   src 0.378 -> tgt 0.486  2.4s
  seed 114 [14/20] stratified src 0.503 -> tgt 0.417  3.7s
  seed 114 [14/20] logreg     src 0.705 -> tgt 0.571  14.4s
  seed 114 [14/20] tree       src 0.750 -> tgt 0.323  4.2s
  seed 114 [14/20] rf         src 0.729 -> tgt 0.308  34.3s
  seed 114 [14/20] xgboost    src 0.750 -> tgt 0.486  13.6s
  seed 114 [14/20] hgb        src 0.750 -> tgt 0.342  27.2s
  seed 114 [14/20] mlp        src 0.749 -> tgt 0.515  336.9s
  seed 115 [15/20] majority   src 0.376 -> tgt 0.486  4.3s
  seed 115 [15/20] stratified src 0.503 -> tgt 0.417  6.7s
  seed 115 [15/20] logreg     src 0.711 -> tgt 0.560  14.1s
  seed 115 [15/20] tree       src 0.755 -> tgt 0.217  4.0s
  seed 115 [15/20] rf         src 0.733 -> tgt 0.320  28.4s
  seed 115 [15/20] xgboost    src 0.756 -> tgt 0.500  8.6s
  seed 115 [15/20] hgb        src 0.755 -> tgt 0.425  17.8s
  seed 115 [15/20] mlp        src 0.755 -> tgt 0.515  220.7s
  seed 116 [16/20] majority   src 0.379 -> tgt 0.486  1.5s
  seed 116 [16/20] stratified src 0.502 -> tgt 0.417  1.8s
  seed 116 [16/20] logreg     src 0.709 -> tgt 0.561  6.2s
  seed 116 [16/20] tree       src 0.753 -> tgt 0.266  2.7s
  seed 116 [16/20] rf         src 0.731 -> tgt 0.326  24.9s
  seed 116 [16/20] xgboost    src 0.753 -> tgt 0.470  10.6s
  seed 116 [16/20] hgb        src 0.753 -> tgt 0.533  21.7s
  seed 116 [16/20] mlp        src 0.752 -> tgt 0.381  219.8s
  seed 117 [17/20] majority   src 0.377 -> tgt 0.486  1.7s
  seed 117 [17/20] stratified src 0.502 -> tgt 0.417  2.0s
  seed 117 [17/20] logreg     src 0.707 -> tgt 0.571  6.4s
  seed 117 [17/20] tree       src 0.751 -> tgt 0.220  2.9s
  seed 117 [17/20] rf         src 0.731 -> tgt 0.315  30.9s
  seed 117 [17/20] xgboost    src 0.751 -> tgt 0.512  10.9s
  seed 117 [17/20] hgb        src 0.752 -> tgt 0.532  15.2s
  seed 117 [17/20] mlp        src 0.751 -> tgt 0.513  73.6s
  seed 118 [18/20] majority   src 0.377 -> tgt 0.486  1.4s
  seed 118 [18/20] stratified src 0.503 -> tgt 0.417  1.4s
  seed 118 [18/20] logreg     src 0.708 -> tgt 0.557  5.4s
  seed 118 [18/20] tree       src 0.752 -> tgt 0.335  2.5s
  seed 118 [18/20] rf         src 0.729 -> tgt 0.330  29.3s
  seed 118 [18/20] xgboost    src 0.752 -> tgt 0.485  8.8s
  seed 118 [18/20] hgb        src 0.752 -> tgt 0.523  18.0s
  seed 118 [18/20] mlp        src 0.751 -> tgt 0.526  37.1s
  seed 119 [19/20] majority   src 0.377 -> tgt 0.486  1.1s
  seed 119 [19/20] stratified src 0.503 -> tgt 0.417  1.2s
  seed 119 [19/20] logreg     src 0.707 -> tgt 0.569  3.7s
  seed 119 [19/20] tree       src 0.751 -> tgt 0.317  1.7s
  seed 119 [19/20] rf         src 0.728 -> tgt 0.323  16.9s
  seed 119 [19/20] xgboost    src 0.751 -> tgt 0.509  6.7s
  seed 119 [19/20] hgb        src 0.751 -> tgt 0.501  12.1s
  seed 119 [19/20] mlp        src 0.750 -> tgt 0.381  61.1s
  seed 120 [20/20] majority   src 0.377 -> tgt 0.486  1.0s
  seed 120 [20/20] stratified src 0.503 -> tgt 0.417  1.2s
  seed 120 [20/20] logreg     src 0.707 -> tgt 0.563  3.9s
  seed 120 [20/20] tree       src 0.753 -> tgt 0.314  1.7s
  seed 120 [20/20] rf         src 0.729 -> tgt 0.327  17.2s
  seed 120 [20/20] xgboost    src 0.754 -> tgt 0.477  5.7s
  seed 120 [20/20] hgb        src 0.754 -> tgt 0.522  12.3s
  seed 120 [20/20] mlp        src 0.753 -> tgt 0.518  36.5s

wrote E:\Work\New ORAN paper\oran-ids-deployability\results\EXP-041\b_to_a__shared  (6826s)
EXIT 0
