[a_to_c__shared] source d_a_network_shared (1640182, 18) attack 0.9463
[a_to_c__shared] target d_c_5gdatasets_shared (39425, 18) attack 0.0213
  seed 101 [1/20] majority   src 0.488 -> tgt 0.021  1.3s
  seed 101 [1/20] stratified src 0.499 -> tgt 0.078  1.3s
  seed 101 [1/20] logreg     src 0.642 -> tgt 0.524  3.6s
  seed 101 [1/20] tree       src 0.625 -> tgt 0.261  2.7s
  seed 101 [1/20] rf         src 0.690 -> tgt 0.256  13.4s
  seed 101 [1/20] xgboost    src 0.676 -> tgt 0.264  7.7s
  seed 101 [1/20] hgb        src 0.673 -> tgt 0.308  12.8s
  seed 101 [1/20] mlp        src 0.661 -> tgt 0.697  88.9s
  seed 102 [2/20] majority   src 0.488 -> tgt 0.021  0.4s
  seed 102 [2/20] stratified src 0.502 -> tgt 0.078  0.4s
  seed 102 [2/20] logreg     src 0.670 -> tgt 0.202  1.2s
  seed 102 [2/20] tree       src 0.504 -> tgt 0.181  0.7s
  seed 102 [2/20] rf         src 0.762 -> tgt 0.055  3.7s
  seed 102 [2/20] xgboost    src 0.705 -> tgt 0.277  1.5s
  seed 102 [2/20] hgb        src 0.683 -> tgt 0.286  1.6s
  seed 102 [2/20] mlp        src 0.702 -> tgt 0.548  37.9s
  seed 103 [3/20] majority   src 0.488 -> tgt 0.021  0.2s
  seed 103 [3/20] stratified src 0.500 -> tgt 0.073  0.2s
  seed 103 [3/20] logreg     src 0.727 -> tgt 0.538  0.7s
  seed 103 [3/20] tree       src 0.756 -> tgt 0.519  0.8s
  seed 103 [3/20] rf         src 0.829 -> tgt 0.145  4.9s
  seed 103 [3/20] xgboost    src 0.742 -> tgt 0.210  1.5s
  seed 103 [3/20] hgb        src 0.741 -> tgt 0.206  1.5s
  seed 103 [3/20] mlp        src 0.757 -> tgt 0.204  20.9s
  seed 104 [4/20] majority   src 0.497 -> tgt 0.021  0.1s
  seed 104 [4/20] stratified src 0.488 -> tgt 0.090  0.1s
  seed 104 [4/20] logreg     src 0.530 -> tgt 0.523  0.7s
  seed 104 [4/20] tree       src 0.460 -> tgt 0.709  0.6s
  seed 104 [4/20] rf         src 0.466 -> tgt 0.694  4.5s
  seed 104 [4/20] xgboost    src 0.467 -> tgt 0.573  1.4s
  seed 104 [4/20] hgb        src 0.467 -> tgt 0.571  1.9s
  seed 104 [4/20] mlp        src 0.568 -> tgt 0.536  11.9s
  seed 105 [5/20] majority   src 0.500 -> tgt 0.021  0.2s
  seed 105 [5/20] stratified src 0.481 -> tgt 0.091  0.2s
  seed 105 [5/20] logreg     src 0.495 -> tgt 0.525  0.8s
  seed 105 [5/20] tree       src 0.424 -> tgt 0.207  0.8s
  seed 105 [5/20] rf         src 0.450 -> tgt 0.176  4.8s
  seed 105 [5/20] xgboost    src 0.451 -> tgt 0.218  1.5s
  seed 105 [5/20] hgb        src 0.448 -> tgt 0.214  1.7s
  seed 105 [5/20] mlp        src 0.539 -> tgt 0.548  34.7s
  seed 106 [6/20] majority   src 0.490 -> tgt 0.021  0.3s
  seed 106 [6/20] stratified src 0.497 -> tgt 0.077  0.2s
  seed 106 [6/20] logreg     src 0.664 -> tgt 0.528  1.0s
  seed 106 [6/20] tree       src 0.648 -> tgt 0.171  0.8s
  seed 106 [6/20] rf         src 0.711 -> tgt 0.145  6.4s
  seed 106 [6/20] xgboost    src 0.667 -> tgt 0.200  2.2s
  seed 106 [6/20] hgb        src 0.687 -> tgt 0.239  2.5s
  seed 106 [6/20] mlp        src 0.695 -> tgt 0.203  166.8s
  seed 107 [7/20] majority   src 0.500 -> tgt 0.021  0.2s
  seed 107 [7/20] stratified src 0.480 -> tgt 0.091  0.2s
  seed 107 [7/20] logreg     src 0.485 -> tgt 0.529  1.3s
  seed 107 [7/20] tree       src 0.444 -> tgt 0.559  1.1s
  seed 107 [7/20] rf         src 0.449 -> tgt 0.175  12.3s
  seed 107 [7/20] xgboost    src 0.447 -> tgt 0.577  4.6s
  seed 107 [7/20] hgb        src 0.447 -> tgt 0.568  5.9s
  seed 107 [7/20] mlp        src 0.484 -> tgt 0.276  105.5s
  seed 108 [8/20] majority   src 0.490 -> tgt 0.021  0.1s
  seed 108 [8/20] stratified src 0.500 -> tgt 0.078  0.2s
  seed 108 [8/20] logreg     src 0.736 -> tgt 0.528  1.0s
  seed 108 [8/20] tree       src 0.771 -> tgt 0.180  1.0s
  seed 108 [8/20] rf         src 0.872 -> tgt 0.168  10.6s
  seed 108 [8/20] xgboost    src 0.784 -> tgt 0.217  4.3s
  seed 108 [8/20] hgb        src 0.787 -> tgt 0.211  6.8s
  seed 108 [8/20] mlp        src 0.765 -> tgt 0.283  66.2s
  seed 109 [9/20] majority   src 0.488 -> tgt 0.021  0.4s
  seed 109 [9/20] stratified src 0.500 -> tgt 0.075  0.4s
  seed 109 [9/20] logreg     src 0.677 -> tgt 0.528  1.5s
  seed 109 [9/20] tree       src 0.692 -> tgt 0.265  1.4s
  seed 109 [9/20] rf         src 0.732 -> tgt 0.240  12.4s
  seed 109 [9/20] xgboost    src 0.687 -> tgt 0.211  4.2s
  seed 109 [9/20] hgb        src 0.684 -> tgt 0.572  4.2s
  seed 109 [9/20] mlp        src 0.672 -> tgt 0.679  77.6s
  seed 110 [10/20] majority   src 0.500 -> tgt 0.021  0.2s
  seed 110 [10/20] stratified src 0.480 -> tgt 0.092  0.2s
  seed 110 [10/20] logreg     src 0.484 -> tgt 0.548  1.5s
  seed 110 [10/20] tree       src 0.404 -> tgt 0.205  1.3s
  seed 110 [10/20] rf         src 0.449 -> tgt 0.160  15.0s
  seed 110 [10/20] xgboost    src 0.446 -> tgt 0.216  5.1s
  seed 110 [10/20] hgb        src 0.433 -> tgt 0.214  5.3s
  seed 110 [10/20] mlp        src 0.496 -> tgt 0.554  106.0s
  seed 111 [11/20] majority   src 0.490 -> tgt 0.021  0.2s
  seed 111 [11/20] stratified src 0.500 -> tgt 0.078  0.2s
  seed 111 [11/20] logreg     src 0.735 -> tgt 0.528  1.3s
  seed 111 [11/20] tree       src 0.791 -> tgt 0.250  1.2s
  seed 111 [11/20] rf         src 0.881 -> tgt 0.170  14.1s
  seed 111 [11/20] xgboost    src 0.791 -> tgt 0.217  4.8s
  seed 111 [11/20] hgb        src 0.787 -> tgt 0.212  5.7s
  seed 111 [11/20] mlp        src 0.772 -> tgt 0.204  67.8s
  seed 112 [12/20] majority   src 0.488 -> tgt 0.021  0.7s
  seed 112 [12/20] stratified src 0.502 -> tgt 0.079  0.7s
  seed 112 [12/20] logreg     src 0.513 -> tgt 0.204  1.4s
  seed 112 [12/20] tree       src 0.732 -> tgt 0.059  1.3s
  seed 112 [12/20] rf         src 0.769 -> tgt 0.048  10.1s
  seed 112 [12/20] xgboost    src 0.663 -> tgt 0.270  6.1s
  seed 112 [12/20] hgb        src 0.692 -> tgt 0.196  10.7s
  seed 112 [12/20] mlp        src 0.673 -> tgt 0.725  36.1s
  seed 113 [13/20] majority   src 0.499 -> tgt 0.021  0.2s
  seed 113 [13/20] stratified src 0.482 -> tgt 0.091  0.3s
  seed 113 [13/20] logreg     src 0.514 -> tgt 0.529  1.4s
  seed 113 [13/20] tree       src 0.450 -> tgt 0.191  1.1s
  seed 113 [13/20] rf         src 0.457 -> tgt 0.174  11.4s
  seed 113 [13/20] xgboost    src 0.452 -> tgt 0.215  4.2s
  seed 113 [13/20] hgb        src 0.451 -> tgt 0.562  7.2s
  seed 113 [13/20] mlp        src 0.548 -> tgt 0.749  41.1s
  seed 114 [14/20] majority   src 0.490 -> tgt 0.021  0.2s
  seed 114 [14/20] stratified src 0.498 -> tgt 0.079  0.3s
  seed 114 [14/20] logreg     src 0.735 -> tgt 0.528  1.6s
  seed 114 [14/20] tree       src 0.770 -> tgt 0.188  1.4s
  seed 114 [14/20] rf         src 0.881 -> tgt 0.159  14.5s
  seed 114 [14/20] xgboost    src 0.784 -> tgt 0.207  5.3s
  seed 114 [14/20] hgb        src 0.778 -> tgt 0.514  5.1s
  seed 114 [14/20] mlp        src 0.757 -> tgt 0.207  67.7s
  seed 115 [15/20] majority   src 0.490 -> tgt 0.021  0.2s
  seed 115 [15/20] stratified src 0.499 -> tgt 0.078  0.2s
  seed 115 [15/20] logreg     src 0.733 -> tgt 0.528  1.4s
  seed 115 [15/20] tree       src 0.771 -> tgt 0.177  1.3s
  seed 115 [15/20] rf         src 0.872 -> tgt 0.082  14.0s
  seed 115 [15/20] xgboost    src 0.782 -> tgt 0.211  4.5s
  seed 115 [15/20] hgb        src 0.779 -> tgt 0.210  4.3s
  seed 115 [15/20] mlp        src 0.768 -> tgt 0.534  98.2s
  seed 116 [16/20] majority   src 0.500 -> tgt 0.021  0.2s
  seed 116 [16/20] stratified src 0.480 -> tgt 0.091  0.2s
  seed 116 [16/20] logreg     src 0.484 -> tgt 0.544  1.4s
  seed 116 [16/20] tree       src 0.444 -> tgt 0.204  1.3s
  seed 116 [16/20] rf         src 0.446 -> tgt 0.162  14.9s
  seed 116 [16/20] xgboost    src 0.447 -> tgt 0.217  5.6s
  seed 116 [16/20] hgb        src 0.447 -> tgt 0.516  7.9s
  seed 116 [16/20] mlp        src 0.450 -> tgt 0.291  187.8s
  seed 117 [17/20] majority   src 0.490 -> tgt 0.021  0.2s
  seed 117 [17/20] stratified src 0.500 -> tgt 0.077  0.2s
  seed 117 [17/20] logreg     src 0.737 -> tgt 0.528  1.3s
  seed 117 [17/20] tree       src 0.773 -> tgt 0.577  1.3s
  seed 117 [17/20] rf         src 0.863 -> tgt 0.165  14.2s
  seed 117 [17/20] xgboost    src 0.778 -> tgt 0.217  5.3s
  seed 117 [17/20] hgb        src 0.774 -> tgt 0.206  6.0s
  seed 117 [17/20] mlp        src 0.753 -> tgt 0.556  63.9s
  seed 118 [18/20] majority   src 0.489 -> tgt 0.021  0.3s
  seed 118 [18/20] stratified src 0.499 -> tgt 0.074  0.3s
  seed 118 [18/20] logreg     src 0.728 -> tgt 0.530  1.5s
  seed 118 [18/20] tree       src 0.756 -> tgt 0.208  1.4s
  seed 118 [18/20] rf         src 0.846 -> tgt 0.183  12.9s
  seed 118 [18/20] xgboost    src 0.741 -> tgt 0.217  4.5s
  seed 118 [18/20] hgb        src 0.764 -> tgt 0.218  4.9s
  seed 118 [18/20] mlp        src 0.756 -> tgt 0.206  59.5s
  seed 119 [19/20] majority   src 0.491 -> tgt 0.021  0.4s
  seed 119 [19/20] stratified src 0.498 -> tgt 0.089  0.4s
  seed 119 [19/20] logreg     src 0.496 -> tgt 0.530  1.4s
  seed 119 [19/20] tree       src 0.538 -> tgt 0.164  1.2s
  seed 119 [19/20] rf         src 0.769 -> tgt 0.154  10.7s
  seed 119 [19/20] xgboost    src 0.662 -> tgt 0.282  4.5s
  seed 119 [19/20] hgb        src 0.676 -> tgt 0.207  5.7s
  seed 119 [19/20] mlp        src 0.538 -> tgt 0.214  125.2s
  seed 120 [20/20] majority   src 0.488 -> tgt 0.021  0.3s
  seed 120 [20/20] stratified src 0.500 -> tgt 0.073  0.4s
  seed 120 [20/20] logreg     src 0.731 -> tgt 0.531  1.8s
  seed 120 [20/20] tree       src 0.635 -> tgt 0.277  1.4s
  seed 120 [20/20] rf         src 0.822 -> tgt 0.134  14.1s
  seed 120 [20/20] xgboost    src 0.750 -> tgt 0.215  5.3s
  seed 120 [20/20] hgb        src 0.750 -> tgt 0.200  5.9s
  seed 120 [20/20] mlp        src 0.746 -> tgt 0.212  51.4s

wrote E:\Work\New ORAN paper\oran-ids-deployability\results\EXP-058\a_to_c__shared  (2032s)
