[b_to_c__shared] source d_b_5gnidd_shared (1215889, 18) attack 0.6071
[b_to_c__shared] target d_c_5gdatasets_shared (39425, 18) attack 0.0213
  seed 101 [1/10] majority   src 0.379 -> tgt 0.021  29.9s
  seed 101 [1/10] stratified src 0.502 -> tgt 0.300  32.7s
  seed 101 [1/10] logreg     src 0.706 -> tgt 0.195  30.6s
  seed 101 [1/10] tree       src 0.751 -> tgt 0.201  35.5s
  seed 101 [1/10] rf         src 0.731 -> tgt 0.209  56.9s
  seed 101 [1/10] xgboost    src 0.752 -> tgt 0.511  49.0s
  seed 101 [1/10] hgb        src 0.752 -> tgt 0.536  50.5s
  seed 101 [1/10] mlp        src 0.751 -> tgt 0.551  183.5s
  seed 102 [2/10] majority   src 0.377 -> tgt 0.021  65.5s
  seed 102 [2/10] stratified src 0.503 -> tgt 0.300  45.0s
  seed 102 [2/10] logreg     src 0.710 -> tgt 0.195  75.9s
  seed 102 [2/10] tree       src 0.754 -> tgt 0.211  48.6s
  seed 102 [2/10] rf         src 0.731 -> tgt 0.203  84.7s
  seed 102 [2/10] xgboost    src 0.755 -> tgt 0.209  64.0s
  seed 102 [2/10] hgb        src 0.755 -> tgt 0.204  67.7s
  seed 102 [2/10] mlp        src 0.754 -> tgt 0.555  136.5s
  seed 103 [3/10] majority   src 0.378 -> tgt 0.021  68.9s
  seed 103 [3/10] stratified src 0.501 -> tgt 0.300  52.2s
  seed 103 [3/10] logreg     src 0.710 -> tgt 0.529  70.3s
  seed 103 [3/10] tree       src 0.752 -> tgt 0.203  50.9s
  seed 103 [3/10] rf         src 0.732 -> tgt 0.213  74.1s
  seed 103 [3/10] xgboost    src 0.753 -> tgt 0.517  72.5s
  seed 103 [3/10] hgb        src 0.753 -> tgt 0.202  59.5s
  seed 103 [3/10] mlp        src 0.752 -> tgt 0.511  168.2s
  seed 104 [4/10] majority   src 0.379 -> tgt 0.021  49.9s
  seed 104 [4/10] stratified src 0.503 -> tgt 0.300  75.8s
  seed 104 [4/10] logreg     src 0.709 -> tgt 0.195  47.0s
  seed 104 [4/10] tree       src 0.753 -> tgt 0.200  34.1s
  seed 104 [4/10] rf         src 0.732 -> tgt 0.203  55.3s
  seed 104 [4/10] xgboost    src 0.754 -> tgt 0.211  38.2s
  seed 104 [4/10] hgb        src 0.754 -> tgt 0.206  36.9s
  seed 104 [4/10] mlp        src 0.753 -> tgt 0.554  78.1s
  seed 105 [5/10] majority   src 0.377 -> tgt 0.021  31.2s
  seed 105 [5/10] stratified src 0.504 -> tgt 0.300  31.2s
  seed 105 [5/10] logreg     src 0.710 -> tgt 0.195  33.8s
  seed 105 [5/10] tree       src 0.755 -> tgt 0.203  31.4s
  seed 105 [5/10] rf         src 0.732 -> tgt 0.562  53.4s
  seed 105 [5/10] xgboost    src 0.755 -> tgt 0.210  36.8s
  seed 105 [5/10] hgb        src 0.755 -> tgt 0.210  36.4s
  seed 105 [5/10] mlp        src 0.754 -> tgt 0.555  84.9s
  seed 106 [6/10] majority   src 0.376 -> tgt 0.021  31.3s
  seed 106 [6/10] stratified src 0.501 -> tgt 0.301  31.3s
  seed 106 [6/10] logreg     src 0.708 -> tgt 0.196  33.6s
  seed 106 [6/10] tree       src 0.752 -> tgt 0.196  30.8s
  seed 106 [6/10] rf         src 0.729 -> tgt 0.213  53.3s
  seed 106 [6/10] xgboost    src 0.753 -> tgt 0.517  33.5s
  seed 106 [6/10] hgb        src 0.753 -> tgt 0.206  38.8s
  seed 106 [6/10] mlp        src 0.751 -> tgt 0.534  61.6s
  seed 107 [7/10] majority   src 0.377 -> tgt 0.021  30.9s
  seed 107 [7/10] stratified src 0.502 -> tgt 0.300  47.8s
  seed 107 [7/10] logreg     src 0.707 -> tgt 0.529  33.8s
  seed 107 [7/10] tree       src 0.751 -> tgt 0.208  34.3s
  seed 107 [7/10] rf         src 0.728 -> tgt 0.207  56.0s
  seed 107 [7/10] xgboost    src 0.751 -> tgt 0.522  39.5s
  seed 107 [7/10] hgb        src 0.751 -> tgt 0.225  40.0s
  seed 107 [7/10] mlp        src 0.751 -> tgt 0.556  75.2s
  seed 108 [8/10] majority   src 0.378 -> tgt 0.021  31.0s
  seed 108 [8/10] stratified src 0.502 -> tgt 0.301  31.5s
  seed 108 [8/10] logreg     src 0.708 -> tgt 0.195  36.3s
  seed 108 [8/10] tree       src 0.752 -> tgt 0.211  35.4s
  seed 108 [8/10] rf         src 0.729 -> tgt 0.208  56.1s
  seed 108 [8/10] xgboost    src 0.753 -> tgt 0.217  162.4s
  seed 108 [8/10] hgb        src 0.753 -> tgt 0.208  124.9s
  seed 108 [8/10] mlp        src 0.752 -> tgt 0.556  552.3s
  seed 109 [9/10] majority   src 0.376 -> tgt 0.021  98.1s
  seed 109 [9/10] stratified src 0.500 -> tgt 0.299  153.4s
  seed 109 [9/10] logreg     src 0.706 -> tgt 0.195  115.7s
  seed 109 [9/10] tree       src 0.752 -> tgt 0.199  66.5s
  seed 109 [9/10] rf         src 0.729 -> tgt 0.208  29.1s
  seed 109 [9/10] xgboost    src 0.753 -> tgt 0.202  25.2s
  seed 109 [9/10] hgb        src 0.753 -> tgt 0.206  25.4s
  seed 109 [9/10] mlp        src 0.752 -> tgt 0.556  50.3s
  seed 110 [10/10] majority   src 0.378 -> tgt 0.021  23.4s
  seed 110 [10/10] stratified src 0.503 -> tgt 0.300  24.6s
  seed 110 [10/10] logreg     src 0.710 -> tgt 0.196  27.3s
  seed 110 [10/10] tree       src 0.753 -> tgt 0.198  27.4s
  seed 110 [10/10] rf         src 0.730 -> tgt 0.209  37.5s
  seed 110 [10/10] xgboost    src 0.753 -> tgt 0.207  115.7s
  seed 110 [10/10] hgb        src 0.753 -> tgt 0.208  38.3s
  seed 110 [10/10] mlp        src 0.753 -> tgt 0.554  97.9s
