[b_to_c__shared] source d_b_5gnidd_shared (1215889, 18) attack 0.6071
[b_to_c__shared] target d_c_5gdatasets_shared (39425, 18) attack 0.0213
  seed 101 [1/10] majority   src 0.379 -> tgt 0.021  0.1s
  seed 101 [1/10] stratified src 0.502 -> tgt 0.300  0.1s
  seed 101 [1/10] logreg     src 0.706 -> tgt 0.195  2.7s
  seed 101 [1/10] tree       src 0.751 -> tgt 0.201  0.6s
  seed 101 [1/10] rf         src 0.731 -> tgt 0.209  6.7s
  seed 101 [1/10] xgboost    src 0.752 -> tgt 0.511  4.1s
  seed 101 [1/10] hgb        src 0.752 -> tgt 0.536  4.8s
  seed 101 [1/10] mlp        src 0.751 -> tgt 0.551  52.1s
  seed 102 [2/10] majority   src 0.377 -> tgt 0.021  0.1s
  seed 102 [2/10] stratified src 0.503 -> tgt 0.300  0.1s
  seed 102 [2/10] logreg     src 0.710 -> tgt 0.195  1.7s
  seed 102 [2/10] tree       src 0.754 -> tgt 0.211  0.5s
  seed 102 [2/10] rf         src 0.731 -> tgt 0.203  5.5s
  seed 102 [2/10] xgboost    src 0.755 -> tgt 0.209  1.3s
  seed 102 [2/10] hgb        src 0.755 -> tgt 0.204  2.1s
  seed 102 [2/10] mlp        src 0.754 -> tgt 0.555  25.6s
  seed 103 [3/10] majority   src 0.378 -> tgt 0.021  0.1s
  seed 103 [3/10] stratified src 0.501 -> tgt 0.300  0.1s
  seed 103 [3/10] logreg     src 0.710 -> tgt 0.529  1.7s
  seed 103 [3/10] tree       src 0.752 -> tgt 0.203  0.5s
  seed 103 [3/10] rf         src 0.732 -> tgt 0.213  5.5s
  seed 103 [3/10] xgboost    src 0.753 -> tgt 0.517  1.1s
  seed 103 [3/10] hgb        src 0.753 -> tgt 0.202  2.5s
  seed 103 [3/10] mlp        src 0.752 -> tgt 0.511  38.1s
  seed 104 [4/10] majority   src 0.379 -> tgt 0.021  0.1s
  seed 104 [4/10] stratified src 0.503 -> tgt 0.300  0.1s
  seed 104 [4/10] logreg     src 0.709 -> tgt 0.195  1.7s
  seed 104 [4/10] tree       src 0.753 -> tgt 0.200  0.5s
  seed 104 [4/10] rf         src 0.732 -> tgt 0.203  5.5s
  seed 104 [4/10] xgboost    src 0.754 -> tgt 0.211  1.2s
  seed 104 [4/10] hgb        src 0.754 -> tgt 0.206  1.8s
  seed 104 [4/10] mlp        src 0.753 -> tgt 0.554  30.2s
  seed 105 [5/10] majority   src 0.377 -> tgt 0.021  0.1s
  seed 105 [5/10] stratified src 0.504 -> tgt 0.300  0.1s
  seed 105 [5/10] logreg     src 0.710 -> tgt 0.195  2.1s
  seed 105 [5/10] tree       src 0.755 -> tgt 0.203  0.7s
  seed 105 [5/10] rf         src 0.732 -> tgt 0.562  17.7s
  seed 105 [5/10] xgboost    src 0.755 -> tgt 0.210  3.6s
  seed 105 [5/10] hgb        src 0.755 -> tgt 0.210  4.5s
  seed 105 [5/10] mlp        src 0.754 -> tgt 0.555  32.5s
  seed 106 [6/10] majority   src 0.376 -> tgt 0.021  0.1s
  seed 106 [6/10] stratified src 0.501 -> tgt 0.301  0.1s
  seed 106 [6/10] logreg     src 0.708 -> tgt 0.196  2.1s
  seed 106 [6/10] tree       src 0.752 -> tgt 0.196  0.6s
  seed 106 [6/10] rf         src 0.729 -> tgt 0.213  13.6s
  seed 106 [6/10] xgboost    src 0.753 -> tgt 0.517  3.0s
  seed 106 [6/10] hgb        src 0.753 -> tgt 0.206  4.9s
  seed 106 [6/10] mlp        src 0.751 -> tgt 0.534  25.0s
  seed 107 [7/10] majority   src 0.377 -> tgt 0.021  0.1s
  seed 107 [7/10] stratified src 0.502 -> tgt 0.300  0.1s
  seed 107 [7/10] logreg     src 0.707 -> tgt 0.529  2.3s
  seed 107 [7/10] tree       src 0.751 -> tgt 0.208  0.7s
  seed 107 [7/10] rf         src 0.728 -> tgt 0.207  19.0s
  seed 107 [7/10] xgboost    src 0.751 -> tgt 0.522  4.7s
  seed 107 [7/10] hgb        src 0.751 -> tgt 0.225  5.8s
  seed 107 [7/10] mlp        src 0.751 -> tgt 0.556  42.2s
  seed 108 [8/10] majority   src 0.378 -> tgt 0.021  0.1s
  seed 108 [8/10] stratified src 0.502 -> tgt 0.301  0.1s
  seed 108 [8/10] logreg     src 0.708 -> tgt 0.195  3.2s
  seed 108 [8/10] tree       src 0.752 -> tgt 0.211  0.8s
  seed 108 [8/10] rf         src 0.729 -> tgt 0.208  20.2s
  seed 108 [8/10] xgboost    src 0.753 -> tgt 0.217  4.5s
  seed 108 [8/10] hgb        src 0.753 -> tgt 0.208  7.5s
  seed 108 [8/10] mlp        src 0.752 -> tgt 0.556  102.4s
  seed 109 [9/10] majority   src 0.376 -> tgt 0.021  0.3s
  seed 109 [9/10] stratified src 0.500 -> tgt 0.299  0.4s
  seed 109 [9/10] logreg     src 0.706 -> tgt 0.195  8.1s
  seed 109 [9/10] tree       src 0.752 -> tgt 0.199  2.0s
  seed 109 [9/10] rf         src 0.729 -> tgt 0.208  23.1s
  seed 109 [9/10] xgboost    src 0.753 -> tgt 0.202  4.3s
  seed 109 [9/10] hgb        src 0.753 -> tgt 0.206  7.8s
  seed 109 [9/10] mlp        src 0.752 -> tgt 0.556  152.2s
  seed 110 [10/10] majority   src 0.378 -> tgt 0.021  0.1s
  seed 110 [10/10] stratified src 0.503 -> tgt 0.300  0.1s
  seed 110 [10/10] logreg     src 0.710 -> tgt 0.196  1.7s
  seed 110 [10/10] tree       src 0.753 -> tgt 0.198  0.6s
  seed 110 [10/10] rf         src 0.730 -> tgt 0.209  18.7s
  seed 110 [10/10] xgboost    src 0.753 -> tgt 0.207  4.1s
  seed 110 [10/10] hgb        src 0.753 -> tgt 0.208  9.0s
  seed 110 [10/10] mlp        src 0.753 -> tgt 0.554  61.0s

wrote E:\Work\New ORAN paper\oran-ids-deployability\results\EXP-058\b_to_c__shared  (828s)
